gpasm-2.2.18 (Apr 13 2020)   7040-power-pwm-adc.asm2020-9-26  20:49:03          PAGE  1


LOC  OBJECT CODE     LINE SOURCE TEXT
  VALUE

                      00001 ;******************************************************************************
                      00002 ;  *    @MCU                             : MC35P7040
                      00003 ;  *    @Create Date         : 2020.09.25
                      00004 ;  *    @Author              : pengyushan
                      00005 ;  *----------------------Abstract Description---------------------------------         
                      00006 ;                       P54 1ms翻转,P53输出PWM,P40.P41.VDDAD采集  
                      00007 ;                
                      00008 ;           选零点校准
                      00009 ;                
                      00010 ;******************************************************************************
                      00011 
                      00012 #include "MC35P7040.INC"
                      00001                 LIST
                      00002 ;mc35p7040.inc    Standard Header File, Version 1.00 by Sinomcu
                      00460                 LIST
                      00013 
                      00014 cblock 0x0000
                      00015 r0x0001
                      00016 timer0_count1:2
                      00017 flag1
                      00018 endc
                      00019 
                      00020 #define FLAG_TIMER0_5000ms      flag1,0
                      00021         org     0x0000
0000   8000           00022         goto    MAIN            
                      00023         org     0x8
                      00024 
0008                  00025 MAIN:
0008   C000           00026         CALL    Sys_Init
                      00027 
0009                  00028 MAIN_LOOP:
                      00029 ;*****************AD采集**********************
0009   1EB1           00030                 MOVAR   ADM
000A   2AF8           00031                 ANDAI   0xf8                    
000B   1A00           00032                 ORAI    0x00    ;通道0                  P40
000C   1FB1           00033                 MOVRA   ADM
000D   C000           00034                 CALL    ADC_Get_Value   
000E   C000           00035                 CALL    ADC_Get_Value   ;切换通道舍去前面两次采集
000F   C000           00036                 CALL    ADC_Get_Value   ;demo演示，实际使用客户自行滤波         
0010   1EB1           00037                 MOVAR   ADM
0011   2AF8           00038                 ANDAI   0xf8                    
0012   1A01           00039                 ORAI    0x01    ;通道1                  P41
0013   1FB1           00040                 MOVRA   ADM
0014   C000           00041                 CALL    ADC_Get_Value   
0015   C000           00042                 CALL    ADC_Get_Value   ;切换通道舍去前面两次采集
0016   C000           00043                 CALL    ADC_Get_Value   ;demo演示，实际使用客户自行滤波 
0017   1EB1           00044                 MOVAR   ADM
0018   2AF8           00045                 ANDAI   0xf8                    
0019   1A05           00046                 ORAI    0x05    ;通道VDD        
001A   1FB1           00047                 MOVRA   ADM
001B   C000           00048                 CALL    ADC_Get_Value   
001C   C000           00049                 CALL    ADC_Get_Value   ;切换通道舍去前面两次采集
001D   C000           00050                 CALL    ADC_Get_Value   ;demo演示，实际使用客户自行滤波 
                      00051 ;*****************休眠************************
                      00052                 ;5000ms进入休眠
                      00053         ;JBSET          FLAG_TIMER0_5000ms
001E   8000           00054         GOTO    MAIN_LOOP
                      00055         ;BCLR           FLAG_TIMER0_5000ms
                      00056           ;     休眠关闭外设
001F   47DF           00057         BCLR    GIE
0020   47B1           00058         BCLR    ADEN
0021   40DC           00059         BCLR    PWM1OE
0022   47DC           00060         BCLR    T1EN
0023   2BD5           00061         CLRR    IOP5
0024   0000           00062         nop
0025   2DE7           00063         MOVAI   0xe7
0026   29CA           00064         ANDRA   OSCM
0027   4BCA           00065         BSET    OSCM,3
0028   0000           00066         nop   
0029   0000           00067         nop
002A   0000           00068         nop     
002B   4FDF           00069         BSET    GIE
002C   48DC           00070         BSET    PWM1OE
002D   4FDC           00071         BSET    T1EN
                      00072                  ; 唤醒后开启外设
002E   4FB1           00073         BSET    ADEN
002F   8000           00074         GOTO    MAIN_LOOP
                      00075 
                      00076 
0030                  00077 ADC_Get_Value:
0030   45B1           00078         BCLR    ADEOC
0031   4EB1           00079         BSET    ADSTR
0032   5DB1           00080         JBSET   ADEOC
0033   8000           00081         GOTO    $-1
0034   0E00           00082         RETURN  
                      00083     ; exit point of _ADC_Get_Value
                      00084     
0035                  00085 Sys_Init:
0035   47DF           00086         BCLR    GIE
0036   C000           00087         CALL    CLR_RAM
0037   C000           00088         CALL    IO_Init
0038                  00089 ADC_ADJ_INIT:
                      00090                 ;        两个校准实际应用是二选一
                      00091                 ;        偏0   选零点校准
                      00092                 ;        偏vdd 选顶点校准 
0038   C000           00093         CALL    ADC_Zero_ADJ
0039   1F00           00094         MOVRA   r0x0001
003A   1E00           00095         MOVAR   r0x0001
003B   5886           00096         JBSET   Z
003C   8000           00097         GOTO    ADC_ADJ_INIT            ;demo演示 ，此处校准失败一直校准，处于循环
003D   C000           00098         CALL    TIMER1_PWM_Init   
003E   C000           00099         CALL    ADC_Init
003F   4FDF           00100         BSET    GIE
0040   0E00           00101         RETURN  
                      00102 
0041                  00103 ADC_Zero_ADJ:
0041   2D80           00104         MOVAI   0x80
0042   1FB4           00105         MOVRA   ADT             ;零点校准   ADTR[4:0]=0
0043   2BAF           00106         CLRR    VREFCR      ;内部2V
0044   2BB3           00107         CLRR    ADR        ;64分频
0045   4CB1           00108         BSET    GCHS
0046   4FB1           00109         BSET    ADEN
0047   45B1           00110         BCLR    ADEOC
0048   4EB1           00111         BSET    ADSTR
                      00112 
0049   5DB1           00113         JBSET   ADEOC
004A   8000           00114         GOTO    $-1
                      00115     ;   结果是否为0
004B   1EB2           00116         MOVAR   ADB
004C   5886           00117         JBSET   Z
004D   8000           00118         GOTO    ADC_ADJ_ZERO_ADD
004E   1EB3           00119         MOVAR   ADR
004F   2A0F           00120         ANDAI   0x0f
0050   5886           00121         JBSET   Z
0051   8000           00122         GOTO    ADC_ADJ_ZERO_ADD
0052   2D1F           00123         MOVAI   0x1f
0053   19B4           00124         ORRA    ADT
0054   45B1           00125         BCLR    ADEOC
0055   4EB1           00126         BSET    ADSTR
                      00127 
0056   5DB1           00128         JBSET   ADEOC
0057   8000           00129         GOTO    $-1
                      00130     ;   结果是否为0
0058   1EB2           00131         MOVAR   ADB
0059   5886           00132         JBSET   Z
005A   8000           00133         GOTO    ADC_ADJ_ZERO_DEC
005B   1EB3           00134         MOVAR   ADR
005C   2A0F           00135         ANDAI   0x0f
005D   5886           00136         JBSET   Z
005E   8000           00137         GOTO    ADC_ADJ_ZERO_DEC
                      00138     ;  正常模式
005F   2D3F           00139         MOVAI   0x3f
0060   29B4           00140         ANDRA   ADT  
0061   47B1           00141                 BCLR    ADEN
0062   2D00           00142         MOVAI   0x00            ;PASS
0063   8000           00143         GOTO    ADC_ZERO_ADJ_END
0064                  00144 ADC_ADJ_ZERO_DEC:
0064   1EB4           00145         MOVAR   ADT
0065   2A0F           00146         ANDAI   0x0f
0066   5086           00147         JBCLR   Z
0067   8000           00148         GOTO    ADC_ADJ_ZERO_FAIL1
0068   26B4           00149         DJZR    ADT
0069   0000           00150         NOP     
006A   45B1           00151         BCLR    ADEOC
006B   4EB1           00152         BSET    ADSTR
                      00153 
006C   5DB1           00154         JBSET   ADEOC
006D   8000           00155         GOTO    $-1
                      00156     ;  结果是否为0
006E   1EB2           00157         MOVAR   ADB
006F   5886           00158         JBSET   Z
0070   8000           00159         GOTO    ADC_ADJ_ZERO_DEC
0071   1EB3           00160         MOVAR   ADR
0072   2A0F           00161         ANDAI   0x0f
0073   5886           00162         JBSET   Z
0074   8000           00163         GOTO    ADC_ADJ_ZERO_DEC
                      00164     ;   正常模式
0075   2D3F           00165         MOVAI   0x3f
0076   29B4           00166         ANDRA   ADT
0077   47B1           00167                 BCLR    ADEN
0078   2D00           00168         MOVAI   0x00    ;PASS
0079   8000           00169         GOTO    ADC_ZERO_ADJ_END
007A                  00170 ADC_ADJ_ZERO_FAIL1:
007A   2D3F           00171                 MOVAI   0x3f
007B   29B4           00172         ANDRA   ADT                     ;正常模式
007C   47B1           00173                 BCLR    ADEN
007D   2D01           00174         MOVAI   0x01    ;FAIL
007E   8000           00175         GOTO    ADC_ZERO_ADJ_END
007F                  00176 ADC_ADJ_ZERO_ADD:
007F   2D0F           00177                 MOVAI   0x0f
0080   28B4           00178         ANDAR   ADT
0081   1D0F           00179         XORAI   0x0f
0082   5886           00180         JBSET   Z
0083   8000           00181         GOTO    $+2
0084   8000           00182         GOTO    ADC_ADJ_ZERO_FAIL1
                      00183 
0085   2D01           00184         MOVAI   0x01
0086   13B4           00185         ADDRA   ADT
0087   45B1           00186         BCLR    ADEOC
0088   4EB1           00187         BSET    ADSTR
                      00188 
0089   5DB1           00189         JBSET   ADEOC
008A   8000           00190         GOTO    $-1
                      00191     ;   结果是否为0
008B   1EB2           00192         MOVAR   ADB
008C   5886           00193         JBSET   Z
008D   8000           00194         GOTO    ADC_ADJ_ZERO_ADD
008E   1EB3           00195         MOVAR   ADR
008F   2A0F           00196         ANDAI   0x0f
0090   5886           00197         JBSET   Z
0091   8000           00198         GOTO    ADC_ADJ_ZERO_ADD
                      00199     ;   正常模式
0092   2D3F           00200         MOVAI   0x3f
0093   29B4           00201         ANDRA   ADT
0094   47B1           00202                 BCLR    ADEN
0095   2D00           00203         MOVAI   0x00    ;PASS
0096                  00204 ADC_ZERO_ADJ_END:
0096   0E00           00205         RETURN  
                      00206     ; exit point of _ADC_Zero_ADJ
                      00207     
0097                  00208 ADC_Init:
0097   2BB1           00209         CLRR    ADM
0098   2D90           00210         MOVAI   0x90
0099   19B1           00211         ORRA    ADM
009A   2BAF           00212         CLRR    VREFCR      ;   内部2V
009B   2BB3           00213         CLRR    ADR         ;   adc时钟  Fcpu/64
009C   0E00           00214         RETURN  
                      00215     ; exit point of _ADC_Init
009D                  00216 TIMER1_PWM_Init:
009D   2DF1           00217         MOVAI   0xf1
009E   1FDC           00218         MOVRA   T1CR
                      00219     ;  开启T1    1分频  T1CLK内部时钟  开启PWM  256个周期
009F   2D80           00220         MOVAI   0x80
00A0   1FDE           00221         MOVRA   T1LDR
00A1   0E00           00222         RETURN  
                      00223     ; exit point of _TIMER1_PWM_Init 
00A2                  00224 TIMER0_INT_Init:
                      00225     ; T1CLK=FCPU/2      T0CLK=FCPU/2    关闭T0溢出唤醒
00A2   2BD8           00226         CLRR    TMRCR
                      00227     ; 开启T0    32分频  T0CLK内部时钟  自动重载  关闭PWM
00A3   2DA4           00228         MOVAI   0xa4
00A4   1FDA           00229         MOVRA   T0CR
00A5   2D83           00230         MOVAI   0x83
00A6   1FDB           00231         MOVRA   T0CNT
00A7   2D83           00232         MOVAI   0x83
00A8   1FCD           00233         MOVRA   T0LDR           ;  1ms
00A9   4DC9           00234         BSET    T0IE        ;开启t0中断
00AA   0E00           00235         RETURN  
                      00236     ; exit point of _TIMER0_INT_Init
                      00237     
00AB                  00238 IO_Init:
00AB   2BD0           00239         CLRR    IOP0    
00AC   2DFE           00240         MOVAI   0xfe
00AD   1FB8           00241         MOVRA   OEP0            ;  io口方向 1:out  0:in
00AE   2D01           00242         MOVAI   0x01
00AF   1FE0           00243         MOVRA   PUP0            ; io口上拉电阻   1:enable  0:disable
00B0   2BD4           00244         CLRR    IOP4
00B1   2DFC           00245         MOVAI   0xfc
00B2   1FC4           00246         MOVRA   OEP4            ;  io口方向 1:out  0:in
00B3   2BE4           00247         CLRR    PUP4            ; io口上拉电阻   1:enable  0:disable
00B4   2BD5           00248         CLRR    IOP5   
00B5   2DFF           00249         MOVAI   0xff
00B6   1FC5           00250         MOVRA   OEP5            ; io口方向 1:out  0:in
00B7   2BE5           00251         CLRR    PUP5            ; io口上拉电阻   1:enable  0:disable
00B8   2D03           00252         MOVAI   0x03
00B9   1FAE           00253         MOVRA   P4CON           ; P40 P41模拟
00BA   0E00           00254         RETURN  
                      00255     ; exit point of _IO_Init
00BB                  00256 CLR_RAM:
00BB   2D3F           00257         movai   0x3F
00BC   1F83           00258         movra   FSR0
00BD   2B84           00259         clrr    FSR1
00BE   2BE7           00260         clrr    INDF
00BF   2683           00261         DJZR    FSR0
00C0   8000           00262         goto    $ -2
00C1   2BE7           00263         clrr    INDF
00C2   0E00           00264         RETURN  
                      00265     ; exit point of _CLR_RAM
                      00266         end
gpasm-2.2.18 (Apr 13 2020)   7040-power-pwm-adc.asm2020-9-26  20:49:03          PAGE  2


SYMBOL TABLE
  LABEL                             VALUE

ADB                               000000B2
ADC_ADJ_INIT                      00000038
ADC_ADJ_ZERO_ADD                  0000007F
ADC_ADJ_ZERO_DEC                  00000064
ADC_ADJ_ZERO_FAIL1                0000007A
ADC_Get_Value                     00000030
ADC_Init                          00000097
ADC_ZERO_ADJ_END                  00000096
ADC_Zero_ADJ                      00000041
ADM                               000000B1
ADR                               000000B3
ADT                               000000B4
CLR_RAM                           000000BB
EINTCR                            000000BF
FSR0                              00000083
FSR1                              00000084
HIBYTE                            00000082
INDF                              000000E7
INTE                              000000C9
INTF                              000000C8
IOP0                              000000D0
IOP4                              000000D4
IOP5                              000000D5
IO_Init                           000000AB
MAIN                              00000008
MAIN_LOOP                         00000009
MCR                               000000DF
OEP0                              000000B8
OEP4                              000000C4
OEP5                              000000C5
OSCM                              000000CA
P4CON                             000000AE
PCH                               000000CF
PCL                               000000CE
PFLAG                             00000086
PUP0                              000000E0
PUP4                              000000E4
PUP5                              000000E5
STKR0H                            000000FF
STKR0L                            000000FE
STKR1H                            000000FD
STKR1L                            000000FC
STKR2H                            000000FB
STKR2L                            000000FA
STKR3H                            000000F9
STKR3L                            000000F8
Sys_Init                          00000035
T0CNT                             000000DB
T0CR                              000000DA
T0LDR                             000000CD
T1CNT                             000000DD
T1CR                              000000DC
T1LDR                             000000DE
TIMER0_INT_Init                   000000A2
TIMER1_PWM_Init                   0000009D
TMRCR                             000000D8
VREFCR                            000000AF
WDTCR                             000000CC
_.org_8_0033                      00000033
_.org_8_004A                      0000004A
_.org_8_0057                      00000057
_.org_8_006D                      0000006D
_.org_8_0083                      00000083
_.org_8_008A                      0000008A
_.org_8_00C0                      000000C0
_CONFIG0                          00008000
_CONFIG1                          00008001
__35P7040                         00000001
flag1                             00000003
r0x0001                           00000000
timer0_count1                     00000001
ADB0                              ADR,0
ADB1                              ADR,1
ADB10                             ADB,6
ADB11                             ADB,7
ADB2                              ADR,2
ADB3                              ADR,3
ADB4                              ADB,0
ADB5                              ADB,1
ADB6                              ADB,2
ADB7                              ADB,3
ADB8                              ADB,4
ADB9                              ADB,5
ADCHS0                            ADM,0
ADCHS1                            ADM,1
ADCHS2                            ADM,2
ADCKS0                            ADR,4
ADCKS1                            ADR,6
ADEN                              ADM,7
ADEOC                             ADM,5
ADIE                              INTE,7
ADIF                              INTF,7
ADSTR                             ADM,6
ADTR0                             ADT,0
ADTR1                             ADT,1
ADTR2                             ADT,2
ADTR3                             ADT,3
ADTR4                             ADT,4
ADTS0                             ADT,6
ADTS1                             ADT,7
ADVRS0                            VREFCR,0
ADVRS1                            VREFCR,1
BUZ0OE                            T0CR,1
BUZ1OE                            T1CR,1
C                                 PFLAG,2
CLKS                              OSCM,2
CPUM0                             OSCM,3
CPUM1                             OSCM,4
DC                                PFLAG,1
FLAG_TIMER0_5000ms                flag1,0
FSR00                             FSR0,0
FSR01                             FSR0,1
FSR02                             FSR0,2
FSR03                             FSR0,3
FSR04                             FSR0,4
FSR05                             FSR0,5
FSR06                             FSR0,6
FSR07                             FSR0,7
FSR10                             FSR1,0
FSR11                             FSR1,1
FSR12                             FSR1,2
FSR13                             FSR1,3
FSR14                             FSR1,4
FSR15                             FSR1,5
FSR16                             FSR1,6
FSR17                             FSR1,7
GCHS                              ADM,4
GIE                               MCR,7
HFDE                              OSCM,1
HIBYTE0                           HIBYTE,0
HIBYTE1                           HIBYTE,1
HIBYTE2                           HIBYTE,2
HIBYTE3                           HIBYTE,3
HIBYTE4                           HIBYTE,4
HIBYTE5                           HIBYTE,5
HIBYTE6                           HIBYTE,6
HIBYTE7                           HIBYTE,7
INDF0                             INDF,0
INDF1                             INDF,1
INDF2                             INDF,2
INDF3                             INDF,3
INDF4                             INDF,4
INDF5                             INDF,5
INDF6                             INDF,6
INDF7                             INDF,7
INT0IE                            INTE,0
INT0IF                            INTF,0
INT1IE                            INTE,1
INT1IF                            INTF,1
LVD24                             PFLAG,4
LVD36                             PFLAG,5
MINT00                            EINTCR,3
MINT01                            EINTCR,4
P00D                              IOP0,0
P00OE                             OEP0,0
P00PU                             PUP0,0
P01D                              IOP0,1
P01OE                             OEP0,1
P01PU                             PUP0,1
P02D                              IOP0,2
P02OE                             OEP0,2
P02PU                             PUP0,2
P03D                              IOP0,3
P03OE                             OEP0,3
P03PU                             PUP0,3
P04D                              IOP0,4
P04OE                             OEP0,4
P04PU                             PUP0,4
P40CON                            P4CON,0
P40D                              IOP4,0
P40OE                             OEP4,0
P40PU                             PUP4,0
P41CON                            P4CON,1
P41D                              IOP4,1
P41OE                             OEP4,1
P41PU                             PUP4,1
P42CON                            P4CON,2
P42D                              IOP4,2
P42OE                             OEP4,2
P42PU                             PUP4,2
P43CON                            P4CON,3
P43D                              IOP4,3
P43OE                             OEP4,3
P43PU                             PUP4,3
P44CON                            P4CON,4
P44D                              IOP4,4
P44OE                             OEP4,4
P44PU                             PUP4,4
P53D                              IOP5,3
P53OE                             OEP5,3
P53PU                             PUP5,3
P54D                              IOP5,4
P54OE                             OEP5,4
P54PU                             PUP5,4
PC0                               PCL,0
PC1                               PCL,1
PC2                               PCL,2
PC3                               PCL,3
PC4                               PCL,4
PC5                               PCL,5
PC6                               PCL,6
PC7                               PCL,7
PC8                               PCH,0
PC9                               PCH,1
PD                                PFLAG,6
PWM0OE                            T0CR,0
PWM1OE                            T1CR,0
STKP0                             MCR,0
STKP1                             MCR,1
STKP2                             MCR,2
STKR0B0                           STKR0L,0
STKR0B1                           STKR0L,1
STKR0B2                           STKR0L,2
STKR0B3                           STKR0L,3
STKR0B4                           STKR0L,4
STKR0B5                           STKR0L,5
STKR0B6                           STKR0L,6
STKR0B7                           STKR0L,7
STKR0B8                           STKR0H,0
STKR0B9                           STKR0H,1
STKR1B0                           STKR1L,0
STKR1B1                           STKR1L,1
STKR1B2                           STKR1L,2
STKR1B3                           STKR1L,3
STKR1B4                           STKR1L,4
STKR1B5                           STKR1L,5
STKR1B6                           STKR1L,6
STKR1B7                           STKR1L,7
STKR1B8                           STKR1H,0
STKR1B9                           STKR1H,1
STKR2B0                           STKR2L,0
STKR2B1                           STKR2L,1
STKR2B2                           STKR2L,2
STKR2B3                           STKR2L,3
STKR2B4                           STKR2L,4
STKR2B5                           STKR2L,5
STKR2B6                           STKR2L,6
STKR2B7                           STKR2L,7
STKR2B8                           STKR2H,0
STKR2B9                           STKR2H,1
STKR3B0                           STKR3L,0
STKR3B1                           STKR3L,1
STKR3B2                           STKR3L,2
STKR3B3                           STKR3L,3
STKR3B4                           STKR3L,4
STKR3B5                           STKR3L,5
STKR3B6                           STKR3L,6
STKR3B7                           STKR3L,7
STKR3B8                           STKR3H,0
STKR3B9                           STKR3H,1
T0CKS                             T0CR,3
T0CNT0                            T0CNT,0
T0CNT1                            T0CNT,1
T0CNT2                            T0CNT,2
T0CNT3                            T0CNT,3
T0CNT4                            T0CNT,4
T0CNT5                            T0CNT,5
T0CNT6                            T0CNT,6
T0CNT7                            T0CNT,7
T0EN                              T0CR,7
T0ICKS                            TMRCR,2
T0IE                              INTE,5
T0IF                              INTF,5
T0LDEN                            T0CR,2
T0LDR0                            T0LDR,0
T0LDR1                            T0LDR,1
T0LDR2                            T0LDR,2
T0LDR3                            T0LDR,3
T0LDR4                            T0LDR,4
T0LDR5                            T0LDR,5
T0LDR6                            T0LDR,6
T0LDR7                            T0LDR,7
T0PRS0                            T0CR,4
T0PRS1                            T0CR,5
T0PRS2                            T0CR,6
T0WUEN                            TMRCR,1
T1CKS                             T1CR,3
T1CNT0                            T1CNT,0
T1CNT1                            T1CNT,1
T1CNT2                            T1CNT,2
T1CNT3                            T1CNT,3
T1CNT4                            T1CNT,4
T1CNT5                            T1CNT,5
T1CNT6                            T1CNT,6
T1CNT7                            T1CNT,7
T1EN                              T1CR,7
T1ICKS                            TMRCR,3
T1IE                              INTE,6
T1IF                              INTF,6
T1LDEN                            T1CR,2
T1LDR0                            T1LDR,0
T1LDR1                            T1LDR,1
T1LDR2                            T1LDR,2
T1LDR3                            T1LDR,3
T1LDR4                            T1LDR,4
T1LDR5                            T1LDR,5
T1LDR6                            T1LDR,6
T1LDR7                            T1LDR,7
T1PRS0                            T1CR,4
T1PRS1                            T1CR,5
T1PRS2                            T1CR,6
TO                                PFLAG,7
VEREN                             VREFCR,7
WDTCR0                            WDTCR,0
WDTCR1                            WDTCR,1
WDTCR2                            WDTCR,2
WDTCR3                            WDTCR,3
WDTCR4                            WDTCR,4
WDTCR5                            WDTCR,5
WDTCR6                            WDTCR,6
WDTCR7                            WDTCR,7
Z                                 PFLAG,0

Errors   :     0
Warnings :     0 reported,     0 suppressed
Messages :     0 reported,     0 suppressed

