gplink-2.2.18 (Apr 13 2020)
Listing File Generated: 2020-9-10  22:43:47
 
 
Address  Value    Disassembly              Source
-------  -----    -----------              ------
                                           ;--------------------------------------------------------
                                           ; external declarations
                                           ;--------------------------------------------------------
                                           	extern	_HIBYTEbits
                                           	extern	_FSR0bits
                                           	extern	_FSR1bits
                                           	extern	_PFLAGbits
                                           	extern	_P4CONbits
                                           	extern	_VREFCRbits
                                           	extern	_ADMbits
                                           	extern	_ADBbits
                                           	extern	_ADRbits
                                           	extern	_ADTbits
                                           	extern	_OEP0bits
                                           	extern	_EINTCRbits
                                           	extern	_OEP4bits
                                           	extern	_OEP5bits
                                           	extern	_INTFbits
                                           	extern	_INTEbits
                                           	extern	_OSCMbits
                                           	extern	_WDTCRbits
                                           	extern	_T0LDRbits
                                           	extern	_PCLbits
                                           	extern	_PCHbits
                                           	extern	_IOP0bits
                                           	extern	_IOP4bits
                                           	extern	_IOP5bits
                                           	extern	_TMRCRbits
                                           	extern	_T0CRbits
                                           	extern	_T0CNTbits
                                           	extern	_T1CRbits
                                           	extern	_T1CNTbits
                                           	extern	_T1LDRbits
                                           	extern	_MCRbits
                                           	extern	_PUP0bits
                                           	extern	_PUP4bits
                                           	extern	_PUP5bits
                                           	extern	_INDFbits
                                           	extern	_STKR3Lbits
                                           	extern	_STKR3Hbits
                                           	extern	_STKR2Lbits
                                           	extern	_STKR2Hbits
                                           	extern	_STKR1Lbits
                                           	extern	_STKR1Hbits
                                           	extern	_STKR0Lbits
                                           	extern	_STKR0Hbits
                                           	extern	_HIBYTE
                                           	extern	_FSR0
                                           	extern	_FSR1
                                           	extern	_PFLAG
                                           	extern	_P4CON
                                           	extern	_VREFCR
                                           	extern	_ADM
                                           	extern	_ADB
                                           	extern	_ADR
                                           	extern	_ADT
                                           	extern	_OEP0
                                           	extern	_EINTCR
                                           	extern	_OEP4
                                           	extern	_OEP5
                                           	extern	_INTF
                                           	extern	_INTE
                                           	extern	_OSCM
                                           	extern	_WDTCR
                                           	extern	_T0LDR
                                           	extern	_PCL
                                           	extern	_PCH
                                           	extern	_IOP0
                                           	extern	_IOP4
                                           	extern	_IOP5
                                           	extern	_TMRCR
                                           	extern	_T0CR
                                           	extern	_T0CNT
                                           	extern	_T1CR
                                           	extern	_T1CNT
                                           	extern	_T1LDR
                                           	extern	_MCR
                                           	extern	_PUP0
                                           	extern	_PUP4
                                           	extern	_PUP5
                                           	extern	_INDF
                                           	extern	_STKR3L
                                           	extern	_STKR3H
                                           	extern	_STKR2L
                                           	extern	_STKR2H
                                           	extern	_STKR1L
                                           	extern	_STKR1H
                                           	extern	_STKR0L
                                           	extern	_STKR0H
                                           ;--------------------------------------------------------
                                           ; global declarations
                                           ;--------------------------------------------------------
                                           	global	_Sys_Init
                                           	global	_ADC_Vertex_ADJ
                                           	global	_ADC_Zero_ADJ
                                           	global	_ADC_Init
                                           	global	_TIMER1_PWM_Init
                                           	global	_TIMER0_INT_Init
                                           	global	_IO_Init
                                           	global	_CLR_RAM
                                           	global	_ADC_Get_Value_Average
                                           	global	_main
                                           	global	_int_isr
                                           	global	_ADC_num_value
                                           	global	_timer0_count1
                                           	global	_flag1
                                           
                                           	global STK06
                                           	global STK05
                                           	global STK04
                                           	global STK03
                                           	global STK02
                                           	global STK01
                                           	global STK00
                                           
                                           sharebank udata_ovr 0x0000
                                           STK06	res 1
                                           STK05	res 1
                                           STK04	res 1
                                           STK03	res 1
                                           STK02	res 1
                                           STK01	res 1
                                           STK00	res 1
                                           
                                           ;--------------------------------------------------------
                                           ; global definitions
                                           ;--------------------------------------------------------
                                           UD_MC35P7040_Demo_C_0	udata
                                           _ADC_num_value	res	2
                                           
                                           UD_MC35P7040_Demo_C_1	udata
                                           _timer0_count1	res	2
                                           
                                           UD_MC35P7040_Demo_C_2	udata
                                           _flag1	res	1
                                           
                                           ;--------------------------------------------------------
                                           ; absolute symbol definitions
                                           ;--------------------------------------------------------
                                           ;--------------------------------------------------------
                                           ; compiler-defined variables
                                           ;--------------------------------------------------------
                                           UDL_MC35P7040_Demo_C_0	udata
                                           r0x1005	res	1
                                           r0x1006	res	1
                                           r0x1014	res	1
                                           r0x1015	res	1
                                           r0x1007	res	1
                                           r0x1008	res	1
                                           r0x1009	res	1
                                           r0x100A	res	1
                                           r0x100B	res	1
                                           r0x100C	res	1
                                           r0x100D	res	1
                                           r0x100E	res	1
                                           r0x100F	res	1
                                           r0x1011	res	1
                                           r0x1010	res	1
                                           r0x1012	res	1
                                           r0x1013	res	1
                                           r0x1016	res	1
                                           ;--------------------------------------------------------
                                           ; initialized data
                                           ;--------------------------------------------------------
                                           
                                           ;@Allocation info for local variables in function 'CLR_RAM'
                                           ;@CLR_RAM IO_Init                   Allocated to registers ;size:2
                                           ;@CLR_RAM TIMER0_INT_Init           Allocated to registers ;size:2
                                           ;@CLR_RAM TIMER1_PWM_Init           Allocated to registers ;size:2
                                           ;@CLR_RAM ADC_Init                  Allocated to registers ;size:2
                                           ;@CLR_RAM ADC_Zero_ADJ              Allocated to registers ;size:2
                                           ;@CLR_RAM ADC_Vertex_ADJ            Allocated to registers ;size:2
                                           ;@CLR_RAM Sys_Init                  Allocated to registers ;size:2
                                           ;@CLR_RAM HIBYTEbits                Allocated to registers ;size:1
                                           ;@CLR_RAM FSR0bits                  Allocated to registers ;size:1
                                           ;@CLR_RAM FSR1bits                  Allocated to registers ;size:1
                                           ;@CLR_RAM PFLAGbits                 Allocated to registers ;size:1
                                           ;@CLR_RAM P4CONbits                 Allocated to registers ;size:1
                                           ;@CLR_RAM VREFCRbits                Allocated to registers ;size:1
                                           ;@CLR_RAM ADMbits                   Allocated to registers ;size:1
                                           ;@CLR_RAM ADBbits                   Allocated to registers ;size:1
                                           ;@CLR_RAM ADRbits                   Allocated to registers ;size:1
                                           ;@CLR_RAM ADTbits                   Allocated to registers ;size:1
                                           ;@CLR_RAM OEP0bits                  Allocated to registers ;size:1
                                           ;@CLR_RAM EINTCRbits                Allocated to registers ;size:1
                                           ;@CLR_RAM OEP4bits                  Allocated to registers ;size:1
                                           ;@CLR_RAM OEP5bits                  Allocated to registers ;size:1
                                           ;@CLR_RAM INTFbits                  Allocated to registers ;size:1
                                           ;@CLR_RAM INTEbits                  Allocated to registers ;size:1
                                           ;@CLR_RAM OSCMbits                  Allocated to registers ;size:1
                                           ;@CLR_RAM WDTCRbits                 Allocated to registers ;size:1
                                           ;@CLR_RAM T0LDRbits                 Allocated to registers ;size:1
                                           ;@CLR_RAM PCLbits                   Allocated to registers ;size:1
                                           ;@CLR_RAM PCHbits                   Allocated to registers ;size:1
                                           ;@CLR_RAM IOP0bits                  Allocated to registers ;size:1
                                           ;@CLR_RAM IOP4bits                  Allocated to registers ;size:1
                                           ;@CLR_RAM IOP5bits                  Allocated to registers ;size:1
                                           ;@CLR_RAM TMRCRbits                 Allocated to registers ;size:1
                                           ;@CLR_RAM T0CRbits                  Allocated to registers ;size:1
                                           ;@CLR_RAM T0CNTbits                 Allocated to registers ;size:1
                                           ;@CLR_RAM T1CRbits                  Allocated to registers ;size:1
                                           ;@CLR_RAM T1CNTbits                 Allocated to registers ;size:1
                                           ;@CLR_RAM T1LDRbits                 Allocated to registers ;size:1
                                           ;@CLR_RAM MCRbits                   Allocated to registers ;size:1
                                           ;@CLR_RAM PUP0bits                  Allocated to registers ;size:1
                                           ;@CLR_RAM PUP4bits                  Allocated to registers ;size:1
                                           ;@CLR_RAM PUP5bits                  Allocated to registers ;size:1
                                           ;@CLR_RAM INDFbits                  Allocated to registers ;size:1
                                           ;@CLR_RAM STKR3Lbits                Allocated to registers ;size:1
                                           ;@CLR_RAM STKR3Hbits                Allocated to registers ;size:1
                                           ;@CLR_RAM STKR2Lbits                Allocated to registers ;size:1
                                           ;@CLR_RAM STKR2Hbits                Allocated to registers ;size:1
                                           ;@CLR_RAM STKR1Lbits                Allocated to registers ;size:1
                                           ;@CLR_RAM STKR1Hbits                Allocated to registers ;size:1
                                           ;@CLR_RAM STKR0Lbits                Allocated to registers ;size:1
                                           ;@CLR_RAM STKR0Hbits                Allocated to registers ;size:1
                                           ;@CLR_RAM ADC_num_value             Allocated to registers ;size:2
                                           ;@CLR_RAM timer0_count1             Allocated to registers ;size:2
                                           ;@CLR_RAM flag1                     Allocated to registers ;size:1
                                           ;@CLR_RAM HIBYTE                    Allocated to registers ;size:1
                                           ;@CLR_RAM FSR0                      Allocated to registers ;size:1
                                           ;@CLR_RAM FSR1                      Allocated to registers ;size:1
                                           ;@CLR_RAM PFLAG                     Allocated to registers ;size:1
                                           ;@CLR_RAM P4CON                     Allocated to registers ;size:1
                                           ;@CLR_RAM VREFCR                    Allocated to registers ;size:1
                                           ;@CLR_RAM ADM                       Allocated to registers ;size:1
                                           ;@CLR_RAM ADB                       Allocated to registers ;size:1
                                           ;@CLR_RAM ADR                       Allocated to registers ;size:1
                                           ;@CLR_RAM ADT                       Allocated to registers ;size:1
                                           ;@CLR_RAM OEP0                      Allocated to registers ;size:1
                                           ;@CLR_RAM EINTCR                    Allocated to registers ;size:1
                                           ;@CLR_RAM OEP4                      Allocated to registers ;size:1
                                           ;@CLR_RAM OEP5                      Allocated to registers ;size:1
                                           ;@CLR_RAM INTF                      Allocated to registers ;size:1
                                           ;@CLR_RAM INTE                      Allocated to registers ;size:1
                                           ;@CLR_RAM OSCM                      Allocated to registers ;size:1
                                           ;@CLR_RAM WDTCR                     Allocated to registers ;size:1
                                           ;@CLR_RAM T0LDR                     Allocated to registers ;size:1
                                           ;@CLR_RAM PCL                       Allocated to registers ;size:1
                                           ;@CLR_RAM PCH                       Allocated to registers ;size:1
                                           ;@CLR_RAM IOP0                      Allocated to registers ;size:1
                                           ;@CLR_RAM IOP4                      Allocated to registers ;size:1
                                           ;@CLR_RAM IOP5                      Allocated to registers ;size:1
                                           ;@CLR_RAM TMRCR                     Allocated to registers ;size:1
                                           ;@CLR_RAM T0CR                      Allocated to registers ;size:1
                                           ;@CLR_RAM T0CNT                     Allocated to registers ;size:1
                                           ;@CLR_RAM T1CR                      Allocated to registers ;size:1
                                           ;@CLR_RAM T1CNT                     Allocated to registers ;size:1
                                           ;@CLR_RAM T1LDR                     Allocated to registers ;size:1
                                           ;@CLR_RAM MCR                       Allocated to registers ;size:1
                                           ;@CLR_RAM PUP0                      Allocated to registers ;size:1
                                           ;@CLR_RAM PUP4                      Allocated to registers ;size:1
                                           ;@CLR_RAM PUP5                      Allocated to registers ;size:1
                                           ;@CLR_RAM INDF                      Allocated to registers ;size:1
                                           ;@CLR_RAM STKR3L                    Allocated to registers ;size:1
                                           ;@CLR_RAM STKR3H                    Allocated to registers ;size:1
                                           ;@CLR_RAM STKR2L                    Allocated to registers ;size:1
                                           ;@CLR_RAM STKR2H                    Allocated to registers ;size:1
                                           ;@CLR_RAM STKR1L                    Allocated to registers ;size:1
                                           ;@CLR_RAM STKR1H                    Allocated to registers ;size:1
                                           ;@CLR_RAM STKR0L                    Allocated to registers ;size:1
                                           ;@CLR_RAM STKR0H                    Allocated to registers ;size:1
                                           ;@end Allocation info for local variables in function 'CLR_RAM';
                                           ;@Allocation info for local variables in function 'IO_Init'
                                           ;@end Allocation info for local variables in function 'IO_Init';
                                           ;@Allocation info for local variables in function 'TIMER0_INT_Init'
                                           ;@end Allocation info for local variables in function 'TIMER0_INT_Init';
                                           ;@Allocation info for local variables in function 'TIMER1_PWM_Init'
                                           ;@end Allocation info for local variables in function 'TIMER1_PWM_Init';
                                           ;@Allocation info for local variables in function 'ADC_Init'
                                           ;@end Allocation info for local variables in function 'ADC_Init';
                                           ;@Allocation info for local variables in function 'ADC_Zero_ADJ'
                                           ;@end Allocation info for local variables in function 'ADC_Zero_ADJ';
                                           ;@Allocation info for local variables in function 'ADC_Vertex_ADJ'
                                           ;@end Allocation info for local variables in function 'ADC_Vertex_ADJ';
                                           ;@Allocation info for local variables in function 'Sys_Init'
                                           ;@end Allocation info for local variables in function 'Sys_Init';
                                           ;@Allocation info for local variables in function 'ADC_Get_Value_Average'
                                           ;@ADC_Get_Value_Average CHX                       Allocated to registers r0x1005 ;size:1
                                           ;@ADC_Get_Value_Average temp_value                Allocated to registers r0x100E r0x100F ;size:2
                                           ;@ADC_Get_Value_Average channel                   Allocated to registers r0x1005 ;size:1
                                           ;@ADC_Get_Value_Average tmpbuff                   Allocated to registers r0x100A r0x100B r0x1010 r0x1012 ;size:4
                                           ;@ADC_Get_Value_Average ADCMAX                    Allocated to registers r0x100A r0x100B ;size:2
                                           ;@ADC_Get_Value_Average ADCMIN                    Allocated to registers r0x100C r0x100D ;size:2
                                           ;@end Allocation info for local variables in function 'ADC_Get_Value_Average';
                                           ;@Allocation info for local variables in function 'main'
                                           ;@end Allocation info for local variables in function 'main';
                                           ;@Allocation info for local variables in function 'int_isr'
                                           ;@end Allocation info for local variables in function 'int_isr';
                                           
                                           ;--------------------------------------------------------
                                           ; overlayable items in internal ram 
                                           ;--------------------------------------------------------
                                           ;	udata_ovr
                                           ;--------------------------------------------------------
                                           ; reset vector 
                                           ;--------------------------------------------------------
                                           STARTUP	code 0x0000
000000   8031     goto    0x31             	goto	_main
                                           ;--------------------------------------------------------
                                           ; interrupt and initialization code
                                           ;--------------------------------------------------------
                                           c_interrupt	code	0x8
                                           __sdcc_interrupt
                                           ;***
                                           ;  pBlock Stats: dbName = I
                                           ;***
                                           ;entry:  _int_isr	;Function start
                                           ; 0 exit points
                                           ;2 compiler assigned registers:
                                           ;   r0x1016
                                           ;   r0x1017
                                           ;; Starting pCode block
                                           _int_isr	;Function start
                                           ; 0 exit points
                                           ;	.line	375; "MC35P7040_Demo_C.c"	__endasm;
000008   0400     push                     	push
                                           	
                                           ;	.line	376; "MC35P7040_Demo_C.c"	if (T0IF && T0IE)
000009   5dc8     jbset   0xc8, 0x5        	JBSET	_INTFbits,5
00000a   802f     goto    0x2f             	GOTO	_00452_DS_
00000b   5dc9     jbset   0xc9, 0x5        	JBSET	_INTEbits,5
00000c   802f     goto    0x2f             	GOTO	_00452_DS_
                                           ;	.line	378; "MC35P7040_Demo_C.c"	T0IF = 0;
00000d   45c8     bclr    0xc8, 0x5        	BCLR	_INTFbits,5
                                           ;	.line	379; "MC35P7040_Demo_C.c"	P54D = !P54D;
00000e   2b18     clrr    0x18             	CLRR	r0x1016
00000f   54d5     jbclr   0xd5, 0x4        	JBCLR	_IOP5bits,4
000010   1618     jzr     0x18             	JZR	r0x1016
000011   0000     nop                      	NOP	
000012   1e18     movar   0x18             	MOVAR	r0x1016
000013   2d00     movai   0                	MOVAI	0x00
000014   5086     jbclr   0x86, 0          	JBCLR	PFLAG,0
000015   2d01     movai   0x1              	MOVAI	0x01
000016   1f18     movra   0x18             	MOVRA	r0x1016
                                           ;;1	MOVRA	r0x1017
                                           ;;99	MOVAR	r0x1017
000017   0818     rrar    0x18             	RRAR	r0x1016
000018   5a86     jbset   0x86, 0x2        	JBSET	PFLAG,2
000019   44d5     bclr    0xd5, 0x4        	BCLR	_IOP5bits,4
00001a   5286     jbclr   0x86, 0x2        	JBCLR	PFLAG,2
00001b   4cd5     bset    0xd5, 0x4        	BSET	_IOP5bits,4
                                           ;	.line	380; "MC35P7040_Demo_C.c"	timer0_count1++;
00001c   2d01     movai   0x1              	MOVAI	0x01
00001d   131b     addra   0x1b             	ADDRA	_timer0_count1
00001e   5086     jbclr   0x86, 0          	JBCLR	PFLAG,0
00001f   131c     addra   0x1c             	ADDRA	(_timer0_count1 + 1)
                                           ;;unsigned compare: left < lit(0x1388=5000), size=2
                                           ;	.line	381; "MC35P7040_Demo_C.c"	if (timer0_count1 >= 5000)
000020   2d13     movai   0x13             	MOVAI	0x13
000021   2c1c     xch     0x1c             	XCH	(_timer0_count1 + 1)
000022   231c     asubra  0x1c             	ASUBRA	(_timer0_count1 + 1)
000023   2c1c     xch     0x1c             	XCH	(_timer0_count1 + 1)
000024   5886     jbset   0x86, 0          	JBSET	PFLAG,0
000025   802a     goto    0x2a             	GOTO	_00468_DS_
000026   2d88     movai   0x88             	MOVAI	0x88
000027   2c1b     xch     0x1b             	XCH	_timer0_count1
000028   231b     asubra  0x1b             	ASUBRA	_timer0_count1
000029   2c1b     xch     0x1b             	XCH	_timer0_count1
                                           _00468_DS_
00002a   5a86     jbset   0x86, 0x2        	JBSET	PFLAG,2
00002b   802f     goto    0x2f             	GOTO	_00452_DS_
                                           ;;genSkipc:3318: created from rifx:013B5EFC
                                           ;	.line	383; "MC35P7040_Demo_C.c"	timer0_count1 = 0;
00002c   2b1b     clrr    0x1b             	CLRR	_timer0_count1
00002d   2b1c     clrr    0x1c             	CLRR	(_timer0_count1 + 1)
                                           ;	.line	384; "MC35P7040_Demo_C.c"	FLAG_TIMER0_5000ms = 1;
00002e   481d     bset    0x1d, 0          	BSET	_flag1,0
                                           _00452_DS_
                                           ;	.line	390; "MC35P7040_Demo_C.c"	__endasm;
00002f   0500     pop                      	pop
                                           	
                                           END_OF_INTERRUPT
                                           ;	.line	391; "MC35P7040_Demo_C.c"	}
000030   0f00     retie                    	RETIE	
                                           
                                           ;--------------------------------------------------------
                                           ; code
                                           ;--------------------------------------------------------
                                           code_MC35P7040_Demo_C	code
                                           ;***
                                           ;  pBlock Stats: dbName = M
                                           ;***
                                           ;entry:  _main	;Function start
                                           ; 2 exit points
                                           ;has an exit
                                           ;functions called:
                                           ;   _Sys_Init
                                           ;   _ADC_Get_Value_Average
                                           ;   _ADC_Get_Value_Average
                                           ;   _ADC_Get_Value_Average
                                           ;   _Sys_Init
                                           ;   _ADC_Get_Value_Average
                                           ;   _ADC_Get_Value_Average
                                           ;   _ADC_Get_Value_Average
                                           ;1 compiler assigned register :
                                           ;   STK00
                                           ;; Starting pCode block
                                           _main	;Function start
                                           ; 2 exit points
                                           ;	.line	324; "MC35P7040_Demo_C.c"	Sys_Init();
000031   c11a     call    0x11a            	CALL	_Sys_Init
                                           _00444_DS_
                                           ;	.line	327; "MC35P7040_Demo_C.c"	ADC_num_value = ADC_Get_Value_Average(0);
000032   2d00     movai   0                	MOVAI	0x00
000033   c056     call    0x56             	CALL	_ADC_Get_Value_Average
000034   1f1a     movra   0x1a             	MOVRA	(_ADC_num_value + 1)
000035   1e06     movar   0x6              	MOVAR	STK00
000036   1f19     movra   0x19             	MOVRA	_ADC_num_value
                                           ;	.line	328; "MC35P7040_Demo_C.c"	ADC_num_value = ADC_Get_Value_Average(1);
000037   2d01     movai   0x1              	MOVAI	0x01
000038   c056     call    0x56             	CALL	_ADC_Get_Value_Average
000039   1f1a     movra   0x1a             	MOVRA	(_ADC_num_value + 1)
00003a   1e06     movar   0x6              	MOVAR	STK00
00003b   1f19     movra   0x19             	MOVRA	_ADC_num_value
                                           ;	.line	329; "MC35P7040_Demo_C.c"	ADC_num_value = ADC_Get_Value_Average(5); //VDD/4
00003c   2d05     movai   0x5              	MOVAI	0x05
00003d   c056     call    0x56             	CALL	_ADC_Get_Value_Average
00003e   1f1a     movra   0x1a             	MOVRA	(_ADC_num_value + 1)
00003f   1e06     movar   0x6              	MOVAR	STK00
000040   1f19     movra   0x19             	MOVRA	_ADC_num_value
                                           ;	.line	331; "MC35P7040_Demo_C.c"	if (FLAG_TIMER0_5000ms)
000041   581d     jbset   0x1d, 0          	JBSET	_flag1,0
000042   8032     goto    0x32             	GOTO	_00444_DS_
                                           ;	.line	334; "MC35P7040_Demo_C.c"	FLAG_TIMER0_5000ms = 0;
000043   401d     bclr    0x1d, 0          	BCLR	_flag1,0
                                           ;	.line	335; "MC35P7040_Demo_C.c"	GIE = 0; //休眠关闭外设
000044   47df     bclr    0xdf, 0x7        	BCLR	_MCRbits,7
                                           ;	.line	336; "MC35P7040_Demo_C.c"	ADEN = 0;
000045   47b1     bclr    0xb1, 0x7        	BCLR	_ADMbits,7
                                           ;	.line	337; "MC35P7040_Demo_C.c"	PWM1OE=0;
000046   40dc     bclr    0xdc, 0          	BCLR	_T1CRbits,0
                                           ;	.line	338; "MC35P7040_Demo_C.c"	T1EN=0;
000047   47dc     bclr    0xdc, 0x7        	BCLR	_T1CRbits,7
                                           ;	.line	339; "MC35P7040_Demo_C.c"	IOP5 = 0;
000048   2bd5     clrr    0xd5             	CLRR	_IOP5
                                           ;	.line	340; "MC35P7040_Demo_C.c"	Nop();
000049   0000     nop                      	nop
                                           ;	.line	341; "MC35P7040_Demo_C.c"	OSCM &= 0xE7;
00004a   2de7     movai   0xe7             	MOVAI	0xe7
00004b   29ca     andra   0xca             	ANDRA	_OSCM
                                           ;	.line	342; "MC35P7040_Demo_C.c"	OSCM |= 0x08;
00004c   4bca     bset    0xca, 0x3        	BSET	_OSCM,3
                                           ;	.line	343; "MC35P7040_Demo_C.c"	Nop();
00004d   0000     nop                      	nop
                                           ;	.line	344; "MC35P7040_Demo_C.c"	Nop();
00004e   0000     nop                      	nop
                                           ;	.line	345; "MC35P7040_Demo_C.c"	Nop();
00004f   0000     nop                      	nop
                                           ;	.line	346; "MC35P7040_Demo_C.c"	GIE = 1;
000050   4fdf     bset    0xdf, 0x7        	BSET	_MCRbits,7
                                           ;	.line	347; "MC35P7040_Demo_C.c"	PWM1OE=1;
000051   48dc     bset    0xdc, 0          	BSET	_T1CRbits,0
                                           ;	.line	348; "MC35P7040_Demo_C.c"	T1EN=1;
000052   4fdc     bset    0xdc, 0x7        	BSET	_T1CRbits,7
                                           ;	.line	349; "MC35P7040_Demo_C.c"	ADEN = 1; //唤醒后开启外设
000053   4fb1     bset    0xb1, 0x7        	BSET	_ADMbits,7
000054   8032     goto    0x32             	GOTO	_00444_DS_
                                           ;	.line	369; "MC35P7040_Demo_C.c"	}
000055   0e00     return                   	RETURN	
                                           ; exit point of _main
                                           
                                           ;***
                                           ;  pBlock Stats: dbName = C
                                           ;***
                                           ;entry:  _ADC_Get_Value_Average	;Function start
                                           ; 2 exit points
                                           ;has an exit
                                           ;16 compiler assigned registers:
                                           ;   r0x1005
                                           ;   r0x1006
                                           ;   r0x1007
                                           ;   r0x1008
                                           ;   r0x1009
                                           ;   r0x100A
                                           ;   r0x100B
                                           ;   r0x100C
                                           ;   r0x100D
                                           ;   r0x100E
                                           ;   r0x100F
                                           ;   r0x1010
                                           ;   r0x1011
                                           ;   r0x1012
                                           ;   r0x1013
                                           ;   STK00
                                           ;; Starting pCode block
                                           _ADC_Get_Value_Average	;Function start
                                           ; 2 exit points
                                           ;	.line	293; "MC35P7040_Demo_C.c"	uint ADC_Get_Value_Average(u8 CHX)
000056   1f07     movra   0x7              	MOVRA	r0x1005
                                           ;	.line	297; "MC35P7040_Demo_C.c"	unsigned long int tmpbuff = 0;
000057   2b08     clrr    0x8              	CLRR	r0x1006
000058   2b0b     clrr    0xb              	CLRR	r0x1007
000059   2b0c     clrr    0xc              	CLRR	r0x1008
00005a   2b0d     clrr    0xd              	CLRR	r0x1009
                                           ;	.line	298; "MC35P7040_Demo_C.c"	u16 ADCMAX = 0;
00005b   2b0e     clrr    0xe              	CLRR	r0x100A
00005c   2b0f     clrr    0xf              	CLRR	r0x100B
                                           ;	.line	299; "MC35P7040_Demo_C.c"	u16 ADCMIN = 0xffff;
00005d   2dff     movai   0xff             	MOVAI	0xff
00005e   1f10     movra   0x10             	MOVRA	r0x100C
00005f   1f11     movra   0x11             	MOVRA	r0x100D
                                           ;	.line	301; "MC35P7040_Demo_C.c"	ADM = (ADM & 0xf8) | CHX; // ADC 使能  AD转换通道开启  通道  CHX
000060   1eb1     movar   0xb1             	MOVAR	_ADM
000061   1f12     movra   0x12             	MOVRA	r0x100E
000062   2df8     movai   0xf8             	MOVAI	0xf8
000063   2912     andra   0x12             	ANDRA	r0x100E
000064   1e07     movar   0x7              	MOVAR	r0x1005
000065   1812     orar    0x12             	ORAR	r0x100E
000066   1fb1     movra   0xb1             	MOVRA	_ADM
                                           ;	.line	302; "MC35P7040_Demo_C.c"	for (channel = 0; channel < 20; channel++)
000067   2b07     clrr    0x7              	CLRR	r0x1005
                                           _00395_DS_
                                           ;	.line	304; "MC35P7040_Demo_C.c"	ADEOC = 0;
000068   45b1     bclr    0xb1, 0x5        	BCLR	_ADMbits,5
                                           ;	.line	305; "MC35P7040_Demo_C.c"	ADSTR = 1; // 开始转换
000069   4eb1     bset    0xb1, 0x6        	BSET	_ADMbits,6
                                           _00384_DS_
                                           ;	.line	306; "MC35P7040_Demo_C.c"	while (!ADEOC); //等待转换完成
00006a   5db1     jbset   0xb1, 0x5        	JBSET	_ADMbits,5
00006b   806a     goto    0x6a             	GOTO	_00384_DS_
                                           ;	.line	307; "MC35P7040_Demo_C.c"	temp_value = ADB;
00006c   1eb2     movar   0xb2             	MOVAR	_ADB
00006d   1f12     movra   0x12             	MOVRA	r0x100E
00006e   2b13     clrr    0x13             	CLRR	r0x100F
                                           ;	.line	308; "MC35P7040_Demo_C.c"	temp_value = temp_value << 4 | (ADR & 0x0f);
00006f   1713     swapar  0x13             	SWAPAR	r0x100F
000070   2af0     andai   0xf0             	ANDAI	0xf0
000071   1f15     movra   0x15             	MOVRA	r0x1010
000072   1712     swapar  0x12             	SWAPAR	r0x100E
000073   1f14     movra   0x14             	MOVRA	r0x1011
000074   2a0f     andai   0xf              	ANDAI	0x0f
000075   1915     orra    0x15             	ORRA	r0x1010
000076   1c14     xorra   0x14             	XORRA	r0x1011
000077   1eb3     movar   0xb3             	MOVAR	_ADR
000078   1f12     movra   0x12             	MOVRA	r0x100E
000079   2b13     clrr    0x13             	CLRR	r0x100F
00007a   2d0f     movai   0xf              	MOVAI	0x0f
00007b   2912     andra   0x12             	ANDRA	r0x100E
00007c   2b13     clrr    0x13             	CLRR	r0x100F
                                           ;;113	MOVAR	r0x100E
00007d   2d00     movai   0                	MOVAI	0x00
00007e   1f17     movra   0x17             	MOVRA	r0x1013
                                           ;;112	MOVAR	r0x1012
00007f   1e12     movar   0x12             	MOVAR	r0x100E
000080   1f16     movra   0x16             	MOVRA	r0x1012
000081   1814     orar    0x14             	ORAR	r0x1011
000082   1f12     movra   0x12             	MOVRA	r0x100E
000083   1e17     movar   0x17             	MOVAR	r0x1013
000084   1815     orar    0x15             	ORAR	r0x1010
000085   1f13     movra   0x13             	MOVRA	r0x100F
                                           ;;unsigned compare: left < lit(0x2=2), size=1
                                           ;	.line	309; "MC35P7040_Demo_C.c"	if (channel < 2)
000086   2d02     movai   0x2              	MOVAI	0x02
000087   2c07     xch     0x7              	XCH	r0x1005
000088   2307     asubra  0x7              	ASUBRA	r0x1005
000089   2c07     xch     0x7              	XCH	r0x1005
00008a   5a86     jbset   0x86, 0x2        	JBSET	PFLAG,2
00008b   80be     goto    0xbe             	GOTO	_00393_DS_
                                           ;;genSkipc:3318: created from rifx:013B5EFC
                                           ;	.line	311; "MC35P7040_Demo_C.c"	if (temp_value > ADCMAX)
00008c   1e13     movar   0x13             	MOVAR	r0x100F
00008d   2c0f     xch     0xf              	XCH	r0x100B
00008e   230f     asubra  0xf              	ASUBRA	r0x100B
00008f   2c0f     xch     0xf              	XCH	r0x100B
000090   5886     jbset   0x86, 0          	JBSET	PFLAG,0
000091   8096     goto    0x96             	GOTO	_00435_DS_
000092   1e12     movar   0x12             	MOVAR	r0x100E
000093   2c0e     xch     0xe              	XCH	r0x100A
000094   230e     asubra  0xe              	ASUBRA	r0x100A
000095   2c0e     xch     0xe              	XCH	r0x100A
                                           _00435_DS_
000096   5286     jbclr   0x86, 0x2        	JBCLR	PFLAG,2
000097   809c     goto    0x9c             	GOTO	_00390_DS_
                                           ;;genSkipc:3318: created from rifx:013B5EFC
                                           ;	.line	312; "MC35P7040_Demo_C.c"	ADCMAX = temp_value; //最大
000098   1e12     movar   0x12             	MOVAR	r0x100E
000099   1f0e     movra   0xe              	MOVRA	r0x100A
00009a   1e13     movar   0x13             	MOVAR	r0x100F
00009b   1f0f     movra   0xf              	MOVRA	r0x100B
                                           _00390_DS_
                                           ;	.line	313; "MC35P7040_Demo_C.c"	if (temp_value < ADCMIN)
00009c   1e11     movar   0x11             	MOVAR	r0x100D
00009d   2c13     xch     0x13             	XCH	r0x100F
00009e   2313     asubra  0x13             	ASUBRA	r0x100F
00009f   2c13     xch     0x13             	XCH	r0x100F
0000a0   5886     jbset   0x86, 0          	JBSET	PFLAG,0
0000a1   80a6     goto    0xa6             	GOTO	_00436_DS_
0000a2   1e10     movar   0x10             	MOVAR	r0x100C
0000a3   2c12     xch     0x12             	XCH	r0x100E
0000a4   2312     asubra  0x12             	ASUBRA	r0x100E
0000a5   2c12     xch     0x12             	XCH	r0x100E
                                           _00436_DS_
0000a6   5286     jbclr   0x86, 0x2        	JBCLR	PFLAG,2
0000a7   80ac     goto    0xac             	GOTO	_00392_DS_
                                           ;;genSkipc:3318: created from rifx:013B5EFC
                                           ;	.line	314; "MC35P7040_Demo_C.c"	ADCMIN = temp_value; //最小
0000a8   1e12     movar   0x12             	MOVAR	r0x100E
0000a9   1f10     movra   0x10             	MOVRA	r0x100C
0000aa   1e13     movar   0x13             	MOVAR	r0x100F
0000ab   1f11     movra   0x11             	MOVRA	r0x100D
                                           ;;109	MOVAR	r0x100E
                                           ;;111	MOVAR	r0x100F
                                           _00392_DS_
                                           ;	.line	315; "MC35P7040_Demo_C.c"	tmpbuff += temp_value;
0000ac   2b16     clrr    0x16             	CLRR	r0x1012
0000ad   2b17     clrr    0x17             	CLRR	r0x1013
                                           ;;108	MOVAR	r0x1011
0000ae   1e12     movar   0x12             	MOVAR	r0x100E
0000af   1f14     movra   0x14             	MOVRA	r0x1011
0000b0   1308     addra   0x8              	ADDRA	r0x1006
                                           ;;110	MOVAR	r0x1010
0000b1   1e13     movar   0x13             	MOVAR	r0x100F
0000b2   1f15     movra   0x15             	MOVRA	r0x1010
0000b3   5286     jbclr   0x86, 0x2        	JBCLR	PFLAG,2
0000b4   1515     jzar    0x15             	JZAR	r0x1010
0000b5   130b     addra   0xb              	ADDRA	r0x1007
0000b6   1e16     movar   0x16             	MOVAR	r0x1012
0000b7   5286     jbclr   0x86, 0x2        	JBCLR	PFLAG,2
0000b8   1516     jzar    0x16             	JZAR	r0x1012
0000b9   130c     addra   0xc              	ADDRA	r0x1008
0000ba   1e17     movar   0x17             	MOVAR	r0x1013
0000bb   5286     jbclr   0x86, 0x2        	JBCLR	PFLAG,2
0000bc   1517     jzar    0x17             	JZAR	r0x1013
0000bd   130d     addra   0xd              	ADDRA	r0x1009
                                           _00393_DS_
                                           ;	.line	302; "MC35P7040_Demo_C.c"	for (channel = 0; channel < 20; channel++)
0000be   2d01     movai   0x1              	MOVAI	0x01
0000bf   1307     addra   0x7              	ADDRA	r0x1005
                                           ;;unsigned compare: left < lit(0x14=20), size=1
0000c0   2d14     movai   0x14             	MOVAI	0x14
0000c1   2c07     xch     0x7              	XCH	r0x1005
0000c2   2307     asubra  0x7              	ASUBRA	r0x1005
0000c3   2c07     xch     0x7              	XCH	r0x1005
0000c4   5a86     jbset   0x86, 0x2        	JBSET	PFLAG,2
0000c5   8068     goto    0x68             	GOTO	_00395_DS_
                                           ;;genSkipc:3318: created from rifx:013B5EFC
                                           ;;115	MOVAR	r0x100A
                                           ;	.line	317; "MC35P7040_Demo_C.c"	tmpbuff -= ADCMAX;           //去掉一个最大
0000c6   1e0f     movar   0xf              	MOVAR	r0x100B
0000c7   1f12     movra   0x12             	MOVRA	r0x100E
0000c8   2b13     clrr    0x13             	CLRR	r0x100F
0000c9   2b14     clrr    0x14             	CLRR	r0x1011
                                           ;;114	MOVAR	r0x1005
0000ca   1e0e     movar   0xe              	MOVAR	r0x100A
0000cb   1f07     movra   0x7              	MOVRA	r0x1005
0000cc   2c08     xch     0x8              	XCH	r0x1006
0000cd   2308     asubra  0x8              	ASUBRA	r0x1006
0000ce   2c08     xch     0x8              	XCH	r0x1006
0000cf   1f0e     movra   0xe              	MOVRA	r0x100A
0000d0   1e0b     movar   0xb              	MOVAR	r0x1007
0000d1   1f0f     movra   0xf              	MOVRA	r0x100B
0000d2   1e12     movar   0x12             	MOVAR	r0x100E
0000d3   2c0f     xch     0xf              	XCH	r0x100B
0000d4   5a86     jbset   0x86, 0x2        	JBSET	PFLAG,2
0000d5   160f     jzr     0xf              	JZR	r0x100B
0000d6   220f     asubar  0xf              	ASUBAR	r0x100B
0000d7   2c0f     xch     0xf              	XCH	r0x100B
0000d8   1e0c     movar   0xc              	MOVAR	r0x1008
0000d9   1f15     movra   0x15             	MOVRA	r0x1010
0000da   1e13     movar   0x13             	MOVAR	r0x100F
0000db   2c15     xch     0x15             	XCH	r0x1010
0000dc   5a86     jbset   0x86, 0x2        	JBSET	PFLAG,2
0000dd   1615     jzr     0x15             	JZR	r0x1010
0000de   2215     asubar  0x15             	ASUBAR	r0x1010
0000df   2c15     xch     0x15             	XCH	r0x1010
0000e0   1e14     movar   0x14             	MOVAR	r0x1011
0000e1   5a86     jbset   0x86, 0x2        	JBSET	PFLAG,2
0000e2   1514     jzar    0x14             	JZAR	r0x1011
0000e3   0000     nop                      	NOP	
0000e4   2c0d     xch     0xd              	XCH	r0x1009
0000e5   230d     asubra  0xd              	ASUBRA	r0x1009
0000e6   2c0d     xch     0xd              	XCH	r0x1009
0000e7   1f16     movra   0x16             	MOVRA	r0x1012
                                           ;;101	MOVAR	r0x100C
                                           ;;103	MOVAR	r0x100D
                                           ;	.line	318; "MC35P7040_Demo_C.c"	tmpbuff -= ADCMIN;           //去掉一个最小
0000e8   2b0b     clrr    0xb              	CLRR	r0x1007
0000e9   2b0c     clrr    0xc              	CLRR	r0x1008
                                           ;;100	MOVAR	r0x1005
0000ea   1e10     movar   0x10             	MOVAR	r0x100C
0000eb   1f07     movra   0x7              	MOVRA	r0x1005
0000ec   2c0e     xch     0xe              	XCH	r0x100A
0000ed   220e     asubar  0xe              	ASUBAR	r0x100A
0000ee   2c0e     xch     0xe              	XCH	r0x100A
                                           ;;102	MOVAR	r0x1006
0000ef   1e11     movar   0x11             	MOVAR	r0x100D
0000f0   1f08     movra   0x8              	MOVRA	r0x1006
0000f1   2c0f     xch     0xf              	XCH	r0x100B
0000f2   5a86     jbset   0x86, 0x2        	JBSET	PFLAG,2
0000f3   160f     jzr     0xf              	JZR	r0x100B
0000f4   220f     asubar  0xf              	ASUBAR	r0x100B
0000f5   2c0f     xch     0xf              	XCH	r0x100B
0000f6   1e0b     movar   0xb              	MOVAR	r0x1007
0000f7   2c15     xch     0x15             	XCH	r0x1010
0000f8   5a86     jbset   0x86, 0x2        	JBSET	PFLAG,2
0000f9   1615     jzr     0x15             	JZR	r0x1010
0000fa   2215     asubar  0x15             	ASUBAR	r0x1010
0000fb   2c15     xch     0x15             	XCH	r0x1010
0000fc   1e0c     movar   0xc              	MOVAR	r0x1008
0000fd   2c16     xch     0x16             	XCH	r0x1012
0000fe   5a86     jbset   0x86, 0x2        	JBSET	PFLAG,2
0000ff   1616     jzr     0x16             	JZR	r0x1012
000100   2216     asubar  0x16             	ASUBAR	r0x1012
000101   2c16     xch     0x16             	XCH	r0x1012
                                           ;	.line	319; "MC35P7040_Demo_C.c"	temp_value = (tmpbuff >> 4); //除以16，取平均值
000102   170e     swapar  0xe              	SWAPAR	r0x100A
000103   2a0f     andai   0xf              	ANDAI	0x0f
000104   1f07     movra   0x7              	MOVRA	r0x1005
000105   170f     swapar  0xf              	SWAPAR	r0x100B
000106   1f08     movra   0x8              	MOVRA	r0x1006
000107   2af0     andai   0xf0             	ANDAI	0xf0
000108   1907     orra    0x7              	ORRA	r0x1005
000109   1c08     xorra   0x8              	XORRA	r0x1006
00010a   1715     swapar  0x15             	SWAPAR	r0x1010
00010b   1f0b     movra   0xb              	MOVRA	r0x1007
00010c   2af0     andai   0xf0             	ANDAI	0xf0
00010d   1908     orra    0x8              	ORRA	r0x1006
00010e   1c0b     xorra   0xb              	XORRA	r0x1007
00010f   1716     swapar  0x16             	SWAPAR	r0x1012
000110   1f0c     movra   0xc              	MOVRA	r0x1008
000111   2af0     andai   0xf0             	ANDAI	0xf0
000112   190b     orra    0xb              	ORRA	r0x1007
000113   1c0c     xorra   0xc              	XORRA	r0x1008
                                           ;;105	MOVAR	r0x1005
                                           ;;107	MOVAR	r0x1006
                                           ;;104	MOVAR	r0x100A
                                           ;	.line	320; "MC35P7040_Demo_C.c"	return temp_value;
000114   1e07     movar   0x7              	MOVAR	r0x1005
000115   1f0e     movra   0xe              	MOVRA	r0x100A
000116   1f06     movra   0x6              	MOVRA	STK00
                                           ;;106	MOVAR	r0x100B
000117   1e08     movar   0x8              	MOVAR	r0x1006
000118   1f0f     movra   0xf              	MOVRA	r0x100B
                                           ;	.line	321; "MC35P7040_Demo_C.c"	}
000119   0e00     return                   	RETURN	
                                           ; exit point of _ADC_Get_Value_Average
                                           
                                           ;***
                                           ;  pBlock Stats: dbName = C
                                           ;***
                                           ;entry:  _Sys_Init	;Function start
                                           ; 2 exit points
                                           ;has an exit
                                           ;functions called:
                                           ;   _CLR_RAM
                                           ;   _IO_Init
                                           ;   _ADC_Zero_ADJ
                                           ;   _TIMER0_INT_Init
                                           ;   _TIMER1_PWM_Init
                                           ;   _ADC_Init
                                           ;   _CLR_RAM
                                           ;   _IO_Init
                                           ;   _ADC_Zero_ADJ
                                           ;   _TIMER0_INT_Init
                                           ;   _TIMER1_PWM_Init
                                           ;   _ADC_Init
                                           ;1 compiler assigned register :
                                           ;   r0x1007
                                           ;; Starting pCode block
                                           _Sys_Init	;Function start
                                           ; 2 exit points
                                           ;	.line	271; "MC35P7040_Demo_C.c"	GIE = 0;
00011a   47df     bclr    0xdf, 0x7        	BCLR	_MCRbits,7
                                           ;	.line	272; "MC35P7040_Demo_C.c"	CLR_RAM();
00011b   c252     call    0x252            	CALL	_CLR_RAM
                                           ;	.line	273; "MC35P7040_Demo_C.c"	IO_Init();
00011c   c242     call    0x242            	CALL	_IO_Init
                                           _00379_DS_
                                           ;	.line	279; "MC35P7040_Demo_C.c"	while(ADC_Zero_ADJ()); 	   	//demo演示,校准失败一直校准
00011d   c1bc     call    0x1bc            	CALL	_ADC_Zero_ADJ
00011e   1f0b     movra   0xb              	MOVRA	r0x1007
00011f   2d00     movai   0                	MOVAI	0x00
000120   180b     orar    0xb              	ORAR	r0x1007
000121   5886     jbset   0x86, 0          	JBSET	PFLAG,0
000122   811d     goto    0x11d            	GOTO	_00379_DS_
                                           ;	.line	281; "MC35P7040_Demo_C.c"	TIMER0_INT_Init();
000123   c239     call    0x239            	CALL	_TIMER0_INT_Init
                                           ;	.line	282; "MC35P7040_Demo_C.c"	TIMER1_PWM_Init();
000124   c234     call    0x234            	CALL	_TIMER1_PWM_Init
                                           ;	.line	283; "MC35P7040_Demo_C.c"	ADC_Init();
000125   c22e     call    0x22e            	CALL	_ADC_Init
                                           ;	.line	284; "MC35P7040_Demo_C.c"	GIE = 1;
000126   4fdf     bset    0xdf, 0x7        	BSET	_MCRbits,7
                                           ;	.line	285; "MC35P7040_Demo_C.c"	}
000127   0e00     return                   	RETURN	
                                           ; exit point of _Sys_Init
                                           
                                           ;***
                                           ;  pBlock Stats: dbName = C
                                           ;***
                                           ;entry:  _ADC_Vertex_ADJ	;Function start
                                           ; 2 exit points
                                           ;has an exit
                                           ;2 compiler assigned registers:
                                           ;   r0x1014
                                           ;   r0x1015
                                           ;; Starting pCode block
                                           _ADC_Vertex_ADJ	;Function start
                                           ; 2 exit points
                                           ;	.line	189; "MC35P7040_Demo_C.c"	ADT = 0xD0; //顶点校准   ADTR[4:0]=0x10
000128   2dd0     movai   0xd0             	MOVAI	0xd0
000129   1fb4     movra   0xb4             	MOVRA	_ADT
                                           ;	.line	190; "MC35P7040_Demo_C.c"	VREFCR = 0; //内部2V
00012a   2baf     clrr    0xaf             	CLRR	_VREFCR
                                           ;	.line	191; "MC35P7040_Demo_C.c"	ADR = 0;    //64分频
00012b   2bb3     clrr    0xb3             	CLRR	_ADR
                                           ;	.line	192; "MC35P7040_Demo_C.c"	GCHS = 1;
00012c   4cb1     bset    0xb1, 0x4        	BSET	_ADMbits,4
                                           ;	.line	193; "MC35P7040_Demo_C.c"	ADEN = 1;
00012d   4fb1     bset    0xb1, 0x7        	BSET	_ADMbits,7
                                           ;	.line	195; "MC35P7040_Demo_C.c"	ADEOC = 0;
00012e   45b1     bclr    0xb1, 0x5        	BCLR	_ADMbits,5
                                           ;	.line	196; "MC35P7040_Demo_C.c"	ADSTR = 1;
00012f   4eb1     bset    0xb1, 0x6        	BSET	_ADMbits,6
                                           _00254_DS_
                                           ;	.line	197; "MC35P7040_Demo_C.c"	while (!ADEOC);
000130   5db1     jbset   0xb1, 0x5        	JBSET	_ADMbits,5
000131   8130     goto    0x130            	GOTO	_00254_DS_
                                           ;	.line	198; "MC35P7040_Demo_C.c"	if ((ADB == 0xff) && ((ADR & 0x0F) == 0x0f)) //结果是否为0x0fff
000132   1eb2     movar   0xb2             	MOVAR	_ADB
000133   1dff     xorai   0xff             	XORAI	0xff
000134   5886     jbset   0x86, 0          	JBSET	PFLAG,0
000135   818c     goto    0x18c            	GOTO	_00286_DS_
000136   1eb3     movar   0xb3             	MOVAR	_ADR
000137   1f09     movra   0x9              	MOVRA	r0x1014
000138   2b0a     clrr    0xa              	CLRR	r0x1015
000139   2d0f     movai   0xf              	MOVAI	0x0f
00013a   2909     andra   0x9              	ANDRA	r0x1014
00013b   2b0a     clrr    0xa              	CLRR	r0x1015
00013c   1e09     movar   0x9              	MOVAR	r0x1014
00013d   1d0f     xorai   0xf              	XORAI	0x0f
00013e   5886     jbset   0x86, 0          	JBSET	PFLAG,0
00013f   818c     goto    0x18c            	GOTO	_00286_DS_
000140   1e0a     movar   0xa              	MOVAR	r0x1015
000141   1d00     xorai   0                	XORAI	0x00
000142   5886     jbset   0x86, 0          	JBSET	PFLAG,0
000143   818c     goto    0x18c            	GOTO	_00286_DS_
                                           ;	.line	200; "MC35P7040_Demo_C.c"	ADT &= 0xE0;
000144   2de0     movai   0xe0             	MOVAI	0xe0
000145   29b4     andra   0xb4             	ANDRA	_ADT
                                           ;	.line	201; "MC35P7040_Demo_C.c"	ADT |= 0x0F;
000146   2d0f     movai   0xf              	MOVAI	0x0f
000147   19b4     orra    0xb4             	ORRA	_ADT
                                           ;	.line	202; "MC35P7040_Demo_C.c"	ADEOC = 0;
000148   45b1     bclr    0xb1, 0x5        	BCLR	_ADMbits,5
                                           ;	.line	203; "MC35P7040_Demo_C.c"	ADSTR = 1;
000149   4eb1     bset    0xb1, 0x6        	BSET	_ADMbits,6
                                           _00257_DS_
                                           ;	.line	204; "MC35P7040_Demo_C.c"	while (!ADEOC);
00014a   5db1     jbset   0xb1, 0x5        	JBSET	_ADMbits,5
00014b   814a     goto    0x14a            	GOTO	_00257_DS_
                                           ;	.line	205; "MC35P7040_Demo_C.c"	if ((ADB == 0xff) && ((ADR & 0x0F) == 0x0f)) //结果是否为0x0fff
00014c   1eb2     movar   0xb2             	MOVAR	_ADB
00014d   1dff     xorai   0xff             	XORAI	0xff
00014e   5886     jbset   0x86, 0          	JBSET	PFLAG,0
00014f   8163     goto    0x163            	GOTO	_00270_DS_
000150   1eb3     movar   0xb3             	MOVAR	_ADR
000151   1f09     movra   0x9              	MOVRA	r0x1014
000152   2b0a     clrr    0xa              	CLRR	r0x1015
000153   2d0f     movai   0xf              	MOVAI	0x0f
000154   2909     andra   0x9              	ANDRA	r0x1014
000155   2b0a     clrr    0xa              	CLRR	r0x1015
000156   1e09     movar   0x9              	MOVAR	r0x1014
000157   1d0f     xorai   0xf              	XORAI	0x0f
000158   5886     jbset   0x86, 0          	JBSET	PFLAG,0
000159   8163     goto    0x163            	GOTO	_00270_DS_
00015a   1e0a     movar   0xa              	MOVAR	r0x1015
00015b   1d00     xorai   0                	XORAI	0x00
00015c   5886     jbset   0x86, 0          	JBSET	PFLAG,0
00015d   8163     goto    0x163            	GOTO	_00270_DS_
                                           ;	.line	207; "MC35P7040_Demo_C.c"	ADT &= 0x3f; //正常模式
00015e   2d3f     movai   0x3f             	MOVAI	0x3f
00015f   29b4     andra   0xb4             	ANDRA	_ADT
                                           ;	.line	208; "MC35P7040_Demo_C.c"	ADEN=0;
000160   47b1     bclr    0xb1, 0x7        	BCLR	_ADMbits,7
                                           ;	.line	209; "MC35P7040_Demo_C.c"	return PASS;
000161   2d00     movai   0                	MOVAI	0x00
000162   81bb     goto    0x1bb            	GOTO	_00292_DS_
                                           _00270_DS_
                                           ;	.line	215; "MC35P7040_Demo_C.c"	if (ADT & 0x0f)
000163   1eb4     movar   0xb4             	MOVAR	_ADT
000164   1f09     movra   0x9              	MOVRA	r0x1014
000165   1e09     movar   0x9              	MOVAR	r0x1014
000166   2a0f     andai   0xf              	ANDAI	0x0f
000167   5886     jbset   0x86, 0          	JBSET	PFLAG,0
000168   816a     goto    0x16a            	GOTO	_00374_DS_
000169   8187     goto    0x187            	GOTO	_00267_DS_
                                           _00374_DS_
                                           ;	.line	217; "MC35P7040_Demo_C.c"	ADT--;
00016a   26b4     djzr    0xb4             	DJZR	_ADT
00016b   0000     nop                      	NOP	
                                           ;	.line	218; "MC35P7040_Demo_C.c"	ADEOC = 0;
00016c   45b1     bclr    0xb1, 0x5        	BCLR	_ADMbits,5
                                           ;	.line	219; "MC35P7040_Demo_C.c"	ADSTR = 1;
00016d   4eb1     bset    0xb1, 0x6        	BSET	_ADMbits,6
                                           _00260_DS_
                                           ;	.line	220; "MC35P7040_Demo_C.c"	while (!ADEOC);
00016e   5db1     jbset   0xb1, 0x5        	JBSET	_ADMbits,5
00016f   816e     goto    0x16e            	GOTO	_00260_DS_
                                           ;	.line	221; "MC35P7040_Demo_C.c"	if ((ADB == 0xff) && ((ADR & 0x0F) == 0x0f)) //结果是否为0x0fff
000170   1eb2     movar   0xb2             	MOVAR	_ADB
000171   1dff     xorai   0xff             	XORAI	0xff
000172   5886     jbset   0x86, 0          	JBSET	PFLAG,0
000173   8163     goto    0x163            	GOTO	_00270_DS_
000174   1eb3     movar   0xb3             	MOVAR	_ADR
000175   1f09     movra   0x9              	MOVRA	r0x1014
000176   2b0a     clrr    0xa              	CLRR	r0x1015
000177   2d0f     movai   0xf              	MOVAI	0x0f
000178   2909     andra   0x9              	ANDRA	r0x1014
000179   2b0a     clrr    0xa              	CLRR	r0x1015
00017a   1e09     movar   0x9              	MOVAR	r0x1014
00017b   1d0f     xorai   0xf              	XORAI	0x0f
00017c   5886     jbset   0x86, 0          	JBSET	PFLAG,0
00017d   8163     goto    0x163            	GOTO	_00270_DS_
00017e   1e0a     movar   0xa              	MOVAR	r0x1015
00017f   1d00     xorai   0                	XORAI	0x00
000180   5886     jbset   0x86, 0          	JBSET	PFLAG,0
000181   8163     goto    0x163            	GOTO	_00270_DS_
                                           ;	.line	223; "MC35P7040_Demo_C.c"	ADT &= 0x3f; //正常模式
000182   2d3f     movai   0x3f             	MOVAI	0x3f
000183   29b4     andra   0xb4             	ANDRA	_ADT
                                           ;	.line	224; "MC35P7040_Demo_C.c"	ADEN=0;
000184   47b1     bclr    0xb1, 0x7        	BCLR	_ADMbits,7
                                           ;	.line	225; "MC35P7040_Demo_C.c"	return PASS;
000185   2d00     movai   0                	MOVAI	0x00
000186   81bb     goto    0x1bb            	GOTO	_00292_DS_
                                           _00267_DS_
                                           ;	.line	230; "MC35P7040_Demo_C.c"	ADT &= 0x3f; //正常模式
000187   2d3f     movai   0x3f             	MOVAI	0x3f
000188   29b4     andra   0xb4             	ANDRA	_ADT
                                           ;	.line	231; "MC35P7040_Demo_C.c"	ADEN=0;
000189   47b1     bclr    0xb1, 0x7        	BCLR	_ADMbits,7
                                           ;	.line	232; "MC35P7040_Demo_C.c"	return FAIL;
00018a   2d01     movai   0x1              	MOVAI	0x01
00018b   81bb     goto    0x1bb            	GOTO	_00292_DS_
                                           _00286_DS_
                                           ;	.line	241; "MC35P7040_Demo_C.c"	if ((ADT & 0x0f) == 0x0f) 
00018c   1eb4     movar   0xb4             	MOVAR	_ADT
00018d   1f09     movra   0x9              	MOVRA	r0x1014
00018e   2b0a     clrr    0xa              	CLRR	r0x1015
00018f   2d0f     movai   0xf              	MOVAI	0x0f
000190   2909     andra   0x9              	ANDRA	r0x1014
000191   2b0a     clrr    0xa              	CLRR	r0x1015
000192   1e09     movar   0x9              	MOVAR	r0x1014
000193   1d0f     xorai   0xf              	XORAI	0x0f
000194   5886     jbset   0x86, 0          	JBSET	PFLAG,0
000195   819f     goto    0x19f            	GOTO	_00283_DS_
000196   1e0a     movar   0xa              	MOVAR	r0x1015
000197   1d00     xorai   0                	XORAI	0x00
000198   5886     jbset   0x86, 0          	JBSET	PFLAG,0
000199   819f     goto    0x19f            	GOTO	_00283_DS_
                                           ;	.line	243; "MC35P7040_Demo_C.c"	ADT &= 0x3f; //正常模式
00019a   2d3f     movai   0x3f             	MOVAI	0x3f
00019b   29b4     andra   0xb4             	ANDRA	_ADT
                                           ;	.line	244; "MC35P7040_Demo_C.c"	ADEN=0;
00019c   47b1     bclr    0xb1, 0x7        	BCLR	_ADMbits,7
                                           ;	.line	245; "MC35P7040_Demo_C.c"	return FAIL;
00019d   2d01     movai   0x1              	MOVAI	0x01
00019e   81bb     goto    0x1bb            	GOTO	_00292_DS_
                                           _00283_DS_
                                           ;	.line	249; "MC35P7040_Demo_C.c"	ADT++;
00019f   2d01     movai   0x1              	MOVAI	0x01
0001a0   13b4     addra   0xb4             	ADDRA	_ADT
                                           ;	.line	250; "MC35P7040_Demo_C.c"	ADEOC = 0;
0001a1   45b1     bclr    0xb1, 0x5        	BCLR	_ADMbits,5
                                           ;	.line	251; "MC35P7040_Demo_C.c"	ADSTR = 1;
0001a2   4eb1     bset    0xb1, 0x6        	BSET	_ADMbits,6
                                           _00276_DS_
                                           ;	.line	252; "MC35P7040_Demo_C.c"	while (!ADEOC);
0001a3   5db1     jbset   0xb1, 0x5        	JBSET	_ADMbits,5
0001a4   81a3     goto    0x1a3            	GOTO	_00276_DS_
                                           ;	.line	253; "MC35P7040_Demo_C.c"	if ((ADB == 0xff) && ((ADR & 0x0F) == 0x0f)) //结果是否为0x0fff
0001a5   1eb2     movar   0xb2             	MOVAR	_ADB
0001a6   1dff     xorai   0xff             	XORAI	0xff
0001a7   5886     jbset   0x86, 0          	JBSET	PFLAG,0
0001a8   818c     goto    0x18c            	GOTO	_00286_DS_
0001a9   1eb3     movar   0xb3             	MOVAR	_ADR
0001aa   1f09     movra   0x9              	MOVRA	r0x1014
0001ab   2b0a     clrr    0xa              	CLRR	r0x1015
0001ac   2d0f     movai   0xf              	MOVAI	0x0f
0001ad   2909     andra   0x9              	ANDRA	r0x1014
0001ae   2b0a     clrr    0xa              	CLRR	r0x1015
0001af   1e09     movar   0x9              	MOVAR	r0x1014
0001b0   1d0f     xorai   0xf              	XORAI	0x0f
0001b1   5886     jbset   0x86, 0          	JBSET	PFLAG,0
0001b2   818c     goto    0x18c            	GOTO	_00286_DS_
0001b3   1e0a     movar   0xa              	MOVAR	r0x1015
0001b4   1d00     xorai   0                	XORAI	0x00
0001b5   5886     jbset   0x86, 0          	JBSET	PFLAG,0
0001b6   818c     goto    0x18c            	GOTO	_00286_DS_
                                           ;	.line	255; "MC35P7040_Demo_C.c"	ADT &= 0x3f; //正常模式
0001b7   2d3f     movai   0x3f             	MOVAI	0x3f
0001b8   29b4     andra   0xb4             	ANDRA	_ADT
                                           ;	.line	256; "MC35P7040_Demo_C.c"	ADEN=0;
0001b9   47b1     bclr    0xb1, 0x7        	BCLR	_ADMbits,7
                                           ;	.line	257; "MC35P7040_Demo_C.c"	return PASS;
0001ba   2d00     movai   0                	MOVAI	0x00
                                           _00292_DS_
                                           ;	.line	262; "MC35P7040_Demo_C.c"	}
0001bb   0e00     return                   	RETURN	
                                           ; exit point of _ADC_Vertex_ADJ
                                           
                                           ;***
                                           ;  pBlock Stats: dbName = C
                                           ;***
                                           ;entry:  _ADC_Zero_ADJ	;Function start
                                           ; 2 exit points
                                           ;has an exit
                                           ;2 compiler assigned registers:
                                           ;   r0x1005
                                           ;   r0x1006
                                           ;; Starting pCode block
                                           _ADC_Zero_ADJ	;Function start
                                           ; 2 exit points
                                           ;	.line	107; "MC35P7040_Demo_C.c"	ADT = 0x80; //零点校准   ADTR[4:0]=0
0001bc   2d80     movai   0x80             	MOVAI	0x80
0001bd   1fb4     movra   0xb4             	MOVRA	_ADT
                                           ;	.line	108; "MC35P7040_Demo_C.c"	VREFCR = 0; //内部2V
0001be   2baf     clrr    0xaf             	CLRR	_VREFCR
                                           ;	.line	109; "MC35P7040_Demo_C.c"	ADR = 0;    //64分频
0001bf   2bb3     clrr    0xb3             	CLRR	_ADR
                                           ;	.line	110; "MC35P7040_Demo_C.c"	GCHS = 1;
0001c0   4cb1     bset    0xb1, 0x4        	BSET	_ADMbits,4
                                           ;	.line	111; "MC35P7040_Demo_C.c"	ADEN = 1;
0001c1   4fb1     bset    0xb1, 0x7        	BSET	_ADMbits,7
                                           ;	.line	113; "MC35P7040_Demo_C.c"	ADEOC = 0;
0001c2   45b1     bclr    0xb1, 0x5        	BCLR	_ADMbits,5
                                           ;	.line	114; "MC35P7040_Demo_C.c"	ADSTR = 1;
0001c3   4eb1     bset    0xb1, 0x6        	BSET	_ADMbits,6
                                           _00125_DS_
                                           ;	.line	115; "MC35P7040_Demo_C.c"	while (!ADEOC);
0001c4   5db1     jbset   0xb1, 0x5        	JBSET	_ADMbits,5
0001c5   81c4     goto    0x1c4            	GOTO	_00125_DS_
                                           ;	.line	116; "MC35P7040_Demo_C.c"	if ((ADB == 0) && ((ADR & 0x0F) == 0)) //结果是否为0
0001c6   2d00     movai   0                	MOVAI	0x00
0001c7   18b2     orar    0xb2             	ORAR	_ADB
0001c8   5886     jbset   0x86, 0          	JBSET	PFLAG,0
0001c9   8206     goto    0x206            	GOTO	_00157_DS_
0001ca   1eb3     movar   0xb3             	MOVAR	_ADR
0001cb   1f07     movra   0x7              	MOVRA	r0x1005
0001cc   1e07     movar   0x7              	MOVAR	r0x1005
0001cd   2a0f     andai   0xf              	ANDAI	0x0f
0001ce   5886     jbset   0x86, 0          	JBSET	PFLAG,0
0001cf   8206     goto    0x206            	GOTO	_00157_DS_
                                           ;	.line	118; "MC35P7040_Demo_C.c"	ADT |= 0x1F;
0001d0   2d1f     movai   0x1f             	MOVAI	0x1f
0001d1   19b4     orra    0xb4             	ORRA	_ADT
                                           ;	.line	119; "MC35P7040_Demo_C.c"	ADEOC = 0;
0001d2   45b1     bclr    0xb1, 0x5        	BCLR	_ADMbits,5
                                           ;	.line	120; "MC35P7040_Demo_C.c"	ADSTR = 1;
0001d3   4eb1     bset    0xb1, 0x6        	BSET	_ADMbits,6
                                           _00128_DS_
                                           ;	.line	121; "MC35P7040_Demo_C.c"	while (!ADEOC);
0001d4   5db1     jbset   0xb1, 0x5        	JBSET	_ADMbits,5
0001d5   81d4     goto    0x1d4            	GOTO	_00128_DS_
                                           ;	.line	122; "MC35P7040_Demo_C.c"	if ((ADB == 0) && ((ADR & 0x0F) == 0)) //结果是否为0
0001d6   2d00     movai   0                	MOVAI	0x00
0001d7   18b2     orar    0xb2             	ORAR	_ADB
0001d8   5886     jbset   0x86, 0          	JBSET	PFLAG,0
0001d9   81e5     goto    0x1e5            	GOTO	_00141_DS_
0001da   1eb3     movar   0xb3             	MOVAR	_ADR
0001db   1f07     movra   0x7              	MOVRA	r0x1005
0001dc   1e07     movar   0x7              	MOVAR	r0x1005
0001dd   2a0f     andai   0xf              	ANDAI	0x0f
0001de   5886     jbset   0x86, 0          	JBSET	PFLAG,0
0001df   81e5     goto    0x1e5            	GOTO	_00141_DS_
                                           ;	.line	124; "MC35P7040_Demo_C.c"	ADT &= 0x3f; //正常模式
0001e0   2d3f     movai   0x3f             	MOVAI	0x3f
0001e1   29b4     andra   0xb4             	ANDRA	_ADT
                                           ;	.line	125; "MC35P7040_Demo_C.c"	ADEN=0;
0001e2   47b1     bclr    0xb1, 0x7        	BCLR	_ADMbits,7
                                           ;	.line	126; "MC35P7040_Demo_C.c"	return PASS;         
0001e3   2d00     movai   0                	MOVAI	0x00
0001e4   822d     goto    0x22d            	GOTO	_00163_DS_
                                           _00141_DS_
                                           ;	.line	132; "MC35P7040_Demo_C.c"	if (ADT & 0x0f)
0001e5   1eb4     movar   0xb4             	MOVAR	_ADT
0001e6   1f07     movra   0x7              	MOVRA	r0x1005
0001e7   1e07     movar   0x7              	MOVAR	r0x1005
0001e8   2a0f     andai   0xf              	ANDAI	0x0f
0001e9   5886     jbset   0x86, 0          	JBSET	PFLAG,0
0001ea   81ec     goto    0x1ec            	GOTO	_00249_DS_
0001eb   8201     goto    0x201            	GOTO	_00138_DS_
                                           _00249_DS_
                                           ;	.line	134; "MC35P7040_Demo_C.c"	ADT--;
0001ec   26b4     djzr    0xb4             	DJZR	_ADT
0001ed   0000     nop                      	NOP	
                                           ;	.line	135; "MC35P7040_Demo_C.c"	ADEOC = 0;
0001ee   45b1     bclr    0xb1, 0x5        	BCLR	_ADMbits,5
                                           ;	.line	136; "MC35P7040_Demo_C.c"	ADSTR = 1;
0001ef   4eb1     bset    0xb1, 0x6        	BSET	_ADMbits,6
                                           _00131_DS_
                                           ;	.line	137; "MC35P7040_Demo_C.c"	while (!ADEOC);
0001f0   5db1     jbset   0xb1, 0x5        	JBSET	_ADMbits,5
0001f1   81f0     goto    0x1f0            	GOTO	_00131_DS_
                                           ;	.line	138; "MC35P7040_Demo_C.c"	if ((ADB == 0) && ((ADR & 0x0F) == 0)) //结果是否为0
0001f2   2d00     movai   0                	MOVAI	0x00
0001f3   18b2     orar    0xb2             	ORAR	_ADB
0001f4   5886     jbset   0x86, 0          	JBSET	PFLAG,0
0001f5   81e5     goto    0x1e5            	GOTO	_00141_DS_
0001f6   1eb3     movar   0xb3             	MOVAR	_ADR
0001f7   1f07     movra   0x7              	MOVRA	r0x1005
0001f8   1e07     movar   0x7              	MOVAR	r0x1005
0001f9   2a0f     andai   0xf              	ANDAI	0x0f
0001fa   5886     jbset   0x86, 0          	JBSET	PFLAG,0
0001fb   81e5     goto    0x1e5            	GOTO	_00141_DS_
                                           ;	.line	140; "MC35P7040_Demo_C.c"	ADT &= 0x3f; //正常模式
0001fc   2d3f     movai   0x3f             	MOVAI	0x3f
0001fd   29b4     andra   0xb4             	ANDRA	_ADT
                                           ;	.line	141; "MC35P7040_Demo_C.c"	ADEN=0;
0001fe   47b1     bclr    0xb1, 0x7        	BCLR	_ADMbits,7
                                           ;	.line	142; "MC35P7040_Demo_C.c"	return PASS;
0001ff   2d00     movai   0                	MOVAI	0x00
000200   822d     goto    0x22d            	GOTO	_00163_DS_
                                           _00138_DS_
                                           ;	.line	147; "MC35P7040_Demo_C.c"	ADT &= 0x3f; //正常模式
000201   2d3f     movai   0x3f             	MOVAI	0x3f
000202   29b4     andra   0xb4             	ANDRA	_ADT
                                           ;	.line	148; "MC35P7040_Demo_C.c"	ADEN=0;
000203   47b1     bclr    0xb1, 0x7        	BCLR	_ADMbits,7
                                           ;	.line	149; "MC35P7040_Demo_C.c"	return FAIL;
000204   2d01     movai   0x1              	MOVAI	0x01
000205   822d     goto    0x22d            	GOTO	_00163_DS_
                                           _00157_DS_
                                           ;	.line	158; "MC35P7040_Demo_C.c"	if ((ADT & 0x0f) == 0x0f) 
000206   1eb4     movar   0xb4             	MOVAR	_ADT
000207   1f07     movra   0x7              	MOVRA	r0x1005
000208   2b08     clrr    0x8              	CLRR	r0x1006
000209   2d0f     movai   0xf              	MOVAI	0x0f
00020a   2907     andra   0x7              	ANDRA	r0x1005
00020b   2b08     clrr    0x8              	CLRR	r0x1006
00020c   1e07     movar   0x7              	MOVAR	r0x1005
00020d   1d0f     xorai   0xf              	XORAI	0x0f
00020e   5886     jbset   0x86, 0          	JBSET	PFLAG,0
00020f   8219     goto    0x219            	GOTO	_00154_DS_
000210   1e08     movar   0x8              	MOVAR	r0x1006
000211   1d00     xorai   0                	XORAI	0x00
000212   5886     jbset   0x86, 0          	JBSET	PFLAG,0
000213   8219     goto    0x219            	GOTO	_00154_DS_
                                           ;	.line	160; "MC35P7040_Demo_C.c"	ADT &= 0x3f; //正常模式
000214   2d3f     movai   0x3f             	MOVAI	0x3f
000215   29b4     andra   0xb4             	ANDRA	_ADT
                                           ;	.line	161; "MC35P7040_Demo_C.c"	ADEN=0;
000216   47b1     bclr    0xb1, 0x7        	BCLR	_ADMbits,7
                                           ;	.line	162; "MC35P7040_Demo_C.c"	return FAIL;
000217   2d01     movai   0x1              	MOVAI	0x01
000218   822d     goto    0x22d            	GOTO	_00163_DS_
                                           _00154_DS_
                                           ;	.line	166; "MC35P7040_Demo_C.c"	ADT++;
000219   2d01     movai   0x1              	MOVAI	0x01
00021a   13b4     addra   0xb4             	ADDRA	_ADT
                                           ;	.line	167; "MC35P7040_Demo_C.c"	ADEOC = 0;
00021b   45b1     bclr    0xb1, 0x5        	BCLR	_ADMbits,5
                                           ;	.line	168; "MC35P7040_Demo_C.c"	ADSTR = 1;
00021c   4eb1     bset    0xb1, 0x6        	BSET	_ADMbits,6
                                           _00147_DS_
                                           ;	.line	169; "MC35P7040_Demo_C.c"	while (!ADEOC);
00021d   5db1     jbset   0xb1, 0x5        	JBSET	_ADMbits,5
00021e   821d     goto    0x21d            	GOTO	_00147_DS_
                                           ;	.line	170; "MC35P7040_Demo_C.c"	if ((ADB == 0) && ((ADR & 0x0F) == 0)) //结果是否为0
00021f   2d00     movai   0                	MOVAI	0x00
000220   18b2     orar    0xb2             	ORAR	_ADB
000221   5886     jbset   0x86, 0          	JBSET	PFLAG,0
000222   8206     goto    0x206            	GOTO	_00157_DS_
000223   1eb3     movar   0xb3             	MOVAR	_ADR
000224   1f07     movra   0x7              	MOVRA	r0x1005
000225   1e07     movar   0x7              	MOVAR	r0x1005
000226   2a0f     andai   0xf              	ANDAI	0x0f
000227   5886     jbset   0x86, 0          	JBSET	PFLAG,0
000228   8206     goto    0x206            	GOTO	_00157_DS_
                                           ;	.line	172; "MC35P7040_Demo_C.c"	ADT &= 0x3f; //正常模式
000229   2d3f     movai   0x3f             	MOVAI	0x3f
00022a   29b4     andra   0xb4             	ANDRA	_ADT
                                           ;	.line	173; "MC35P7040_Demo_C.c"	ADEN=0;
00022b   47b1     bclr    0xb1, 0x7        	BCLR	_ADMbits,7
                                           ;	.line	174; "MC35P7040_Demo_C.c"	return PASS;
00022c   2d00     movai   0                	MOVAI	0x00
                                           _00163_DS_
                                           ;	.line	179; "MC35P7040_Demo_C.c"	}
00022d   0e00     return                   	RETURN	
                                           ; exit point of _ADC_Zero_ADJ
                                           
                                           ;***
                                           ;  pBlock Stats: dbName = C
                                           ;***
                                           ;entry:  _ADC_Init	;Function start
                                           ; 2 exit points
                                           ;has an exit
                                           ;; Starting pCode block
                                           _ADC_Init	;Function start
                                           ; 2 exit points
                                           ;	.line	93; "MC35P7040_Demo_C.c"	ADM &= 0x00;
00022e   2bb1     clrr    0xb1             	CLRR	_ADM
                                           ;	.line	94; "MC35P7040_Demo_C.c"	ADM |= 0x90;
00022f   2d90     movai   0x90             	MOVAI	0x90
000230   19b1     orra    0xb1             	ORRA	_ADM
                                           ;	.line	95; "MC35P7040_Demo_C.c"	VREFCR = 0; //内部2V
000231   2baf     clrr    0xaf             	CLRR	_VREFCR
                                           ;	.line	96; "MC35P7040_Demo_C.c"	ADR = 0;    //adc时钟  Fcpu/64
000232   2bb3     clrr    0xb3             	CLRR	_ADR
                                           ;	.line	97; "MC35P7040_Demo_C.c"	}
000233   0e00     return                   	RETURN	
                                           ; exit point of _ADC_Init
                                           
                                           ;***
                                           ;  pBlock Stats: dbName = C
                                           ;***
                                           ;entry:  _TIMER1_PWM_Init	;Function start
                                           ; 2 exit points
                                           ;has an exit
                                           ;; Starting pCode block
                                           _TIMER1_PWM_Init	;Function start
                                           ; 2 exit points
                                           ;	.line	82; "MC35P7040_Demo_C.c"	T1CR = 0xf1;
000234   2df1     movai   0xf1             	MOVAI	0xf1
000235   1fdc     movra   0xdc             	MOVRA	_T1CR
                                           ;	.line	83; "MC35P7040_Demo_C.c"	T1LDR = 0x80; //开启T1    1分频  T1CLK内部时钟  开启PWM  256个周期
000236   2d80     movai   0x80             	MOVAI	0x80
000237   1fde     movra   0xde             	MOVRA	_T1LDR
                                           ;	.line	84; "MC35P7040_Demo_C.c"	}
000238   0e00     return                   	RETURN	
                                           ; exit point of _TIMER1_PWM_Init
                                           
                                           ;***
                                           ;  pBlock Stats: dbName = C
                                           ;***
                                           ;entry:  _TIMER0_INT_Init	;Function start
                                           ; 2 exit points
                                           ;has an exit
                                           ;; Starting pCode block
                                           _TIMER0_INT_Init	;Function start
                                           ; 2 exit points
                                           ;	.line	68; "MC35P7040_Demo_C.c"	TMRCR = 0;   //T1CLK=FCPU/2      T0CLK=FCPU/2    关闭T0溢出唤醒
000239   2bd8     clrr    0xd8             	CLRR	_TMRCR
                                           ;	.line	69; "MC35P7040_Demo_C.c"	T0CR = 0xA4; //开启T0    32分频  T0CLK内部时钟  自动重载  关闭PWM
00023a   2da4     movai   0xa4             	MOVAI	0xa4
00023b   1fda     movra   0xda             	MOVRA	_T0CR
                                           ;	.line	70; "MC35P7040_Demo_C.c"	T0CNT = 256 - 125;
00023c   2d83     movai   0x83             	MOVAI	0x83
00023d   1fdb     movra   0xdb             	MOVRA	_T0CNT
                                           ;	.line	71; "MC35P7040_Demo_C.c"	T0LDR = 256 - 125; // 1ms
00023e   2d83     movai   0x83             	MOVAI	0x83
00023f   1fcd     movra   0xcd             	MOVRA	_T0LDR
                                           ;	.line	72; "MC35P7040_Demo_C.c"	T0IE = 1;
000240   4dc9     bset    0xc9, 0x5        	BSET	_INTEbits,5
                                           ;	.line	73; "MC35P7040_Demo_C.c"	}
000241   0e00     return                   	RETURN	
                                           ; exit point of _TIMER0_INT_Init
                                           
                                           ;***
                                           ;  pBlock Stats: dbName = C
                                           ;***
                                           ;entry:  _IO_Init	;Function start
                                           ; 2 exit points
                                           ;has an exit
                                           ;; Starting pCode block
                                           _IO_Init	;Function start
                                           ; 2 exit points
                                           ;	.line	46; "MC35P7040_Demo_C.c"	IOP0 = 0x00; //io口数据位
000242   2bd0     clrr    0xd0             	CLRR	_IOP0
                                           ;	.line	47; "MC35P7040_Demo_C.c"	OEP0 = 0xfe; //io口方向 1:out  0:in
000243   2dfe     movai   0xfe             	MOVAI	0xfe
000244   1fb8     movra   0xb8             	MOVRA	_OEP0
                                           ;	.line	48; "MC35P7040_Demo_C.c"	PUP0 = 0x01; //io口上拉电阻   1:enable  0:disable
000245   2d01     movai   0x1              	MOVAI	0x01
000246   1fe0     movra   0xe0             	MOVRA	_PUP0
                                           ;	.line	50; "MC35P7040_Demo_C.c"	IOP4 = 0x00; //io口数据位
000247   2bd4     clrr    0xd4             	CLRR	_IOP4
                                           ;	.line	51; "MC35P7040_Demo_C.c"	OEP4 = 0xfC; //io口方向 1:out  0:in
000248   2dfc     movai   0xfc             	MOVAI	0xfc
000249   1fc4     movra   0xc4             	MOVRA	_OEP4
                                           ;	.line	52; "MC35P7040_Demo_C.c"	PUP4 = 0x00; //io口上拉电阻   1:enable  0:disable
00024a   2be4     clrr    0xe4             	CLRR	_PUP4
                                           ;	.line	54; "MC35P7040_Demo_C.c"	IOP5 = 0x00; //io口数据位
00024b   2bd5     clrr    0xd5             	CLRR	_IOP5
                                           ;	.line	55; "MC35P7040_Demo_C.c"	OEP5 = 0xff; //io口方向 1:out  0:in
00024c   2dff     movai   0xff             	MOVAI	0xff
00024d   1fc5     movra   0xc5             	MOVRA	_OEP5
                                           ;	.line	56; "MC35P7040_Demo_C.c"	PUP5 = 0x00; //io口上拉电阻   1:enable  0:disable
00024e   2be5     clrr    0xe5             	CLRR	_PUP5
                                           ;	.line	58; "MC35P7040_Demo_C.c"	P4CON = 0x03;  	   	//P40 P41模拟
00024f   2d03     movai   0x3              	MOVAI	0x03
000250   1fae     movra   0xae             	MOVRA	_P4CON
                                           ;	.line	59; "MC35P7040_Demo_C.c"	}
000251   0e00     return                   	RETURN	
                                           ; exit point of _IO_Init
                                           
                                           ;***
                                           ;  pBlock Stats: dbName = C
                                           ;***
                                           ;entry:  _CLR_RAM	;Function start
                                           ; 2 exit points
                                           ;has an exit
                                           ;; Starting pCode block
                                           _CLR_RAM	;Function start
                                           ; 2 exit points
                                           ;	.line	36; "MC35P7040_Demo_C.c"	__endasm;
000252   2d3f     movai   0x3f             	movai	0x3F
000253   1f83     movra   0x83             	movra	FSR0
000254   2b84     clrr    0x84             	clrr	FSR1
000255   2be7     clrr    0xe7             	clrr	INDF
000256   2683     djzr    0x83             	DJZR	FSR0
000257   8255     goto    0x255            	goto	$ -2
000258   2be7     clrr    0xe7             	clrr	INDF
                                           ;	.line	37; "MC35P7040_Demo_C.c"	}
000259   0e00     return                   	RETURN	
                                           ; exit point of _CLR_RAM
                                           
                                           
                                           ;	code size estimation:
                                           ;	  581+    0 =   581 instructions ( 1162 byte)
                                           
                                           	end


MEMORY USAGE MAP ('X' = Used,  '-' = Unused)

0000 : XX-------------- XXXXXXXXXXXXXXXX XXXXXXXXXXXXXXXX XXXXXXXXXXXXXXXX
0040 : XXXXXXXXXXXXXXXX XXXXXXXXXXXXXXXX XXXXXXXXXXXXXXXX XXXXXXXXXXXXXXXX
0080 : XXXXXXXXXXXXXXXX XXXXXXXXXXXXXXXX XXXXXXXXXXXXXXXX XXXXXXXXXXXXXXXX
00C0 : XXXXXXXXXXXXXXXX XXXXXXXXXXXXXXXX XXXXXXXXXXXXXXXX XXXXXXXXXXXXXXXX
0100 : XXXXXXXXXXXXXXXX XXXXXXXXXXXXXXXX XXXXXXXXXXXXXXXX XXXXXXXXXXXXXXXX
0140 : XXXXXXXXXXXXXXXX XXXXXXXXXXXXXXXX XXXXXXXXXXXXXXXX XXXXXXXXXXXXXXXX
0180 : XXXXXXXXXXXXXXXX XXXXXXXXXXXXXXXX XXXXXXXXXXXXXXXX XXXXXXXXXXXXXXXX
01C0 : XXXXXXXXXXXXXXXX XXXXXXXXXXXXXXXX XXXXXXXXXXXXXXXX XXXXXXXXXXXXXXXX
0200 : XXXXXXXXXXXXXXXX XXXXXXXXXXXXXXXX XXXXXXXXXXXXXXXX XXXXXXXXXXXXXXXX
0240 : XXXXXXXXXXXXXXXX XXXXXXXXXXXXXXXX XXXXXXXXXXXXXXXX XXXXXXXXXXXXXXXX
0280 : XXXXXXXXXXXXXXXX XXXXXXXXXXXXXXXX XXXXXXXXXXXXXXXX XXXXXXXXXXXXXXXX
02C0 : XXXXXXXXXXXXXXXX XXXXXXXXXXXXXXXX XXXXXXXXXXXXXXXX XXXXXXXXXXXXXXXX
0300 : XXXXXXXXXXXXXXXX XXXXXXXXXXXXXXXX XXXXXXXXXXXXXXXX XXXXXXXXXXXXXXXX
0340 : XXXXXXXXXXXXXXXX XXXXXXXXXXXXXXXX XXXXXXXXXXXXXXXX XXXXXXXXXXXXXXXX
0380 : XXXXXXXXXXXXXXXX XXXXXXXXXXXXXXXX XXXXXXXXXXXXXXXX XXXXXXXXXXXXXXXX
03C0 : XXXXXXXXXXXXXXXX XXXXXXXXXXXXXXXX XXXXXXXXXXXXXXXX XXXXXXXXXXXXXXXX
0400 : XXXXXXXXXXXXXXXX XXXXXXXXXXXXXXXX XXXXXXXXXXXXXXXX XXXXXXXXXXXXXXXX
0440 : XXXXXXXXXXXXXXXX XXXXXXXXXXXXXXXX XXXXXXXXXXXXXXXX XXXXXXXXXXXXXXXX
0480 : XXXXXXXXXXXXXXXX XXXXXXXXXXXXXXXX XXXXXXXXXXXXXXXX XXXX------------

All other memory blocks unused.

Program Memory Words Used:   595

